<?xml version="1.0" encoding="UTF-8"?>
<TestRun id="52660338-9c26-4236-a138-4bb4ba3779d4" name="Admin@PC127 2013-06-28 15:46:25" runUser="pc127\Admin" xmlns="http://microsoft.com/schemas/VisualStudio/TeamTest/2010">
  <TestSettings name="Локальные" id="0307d9ab-2183-4378-b68a-427592b18606">
    <Description>Это - параметры по умолчанию для локального тестового запуска.</Description>
    <Deployment enabled="false" runDeploymentRoot="Admin_PC127 2013-06-28 15_46_25" />
    <Execution>
      <TestTypeSpecific />
      <AgentRule name="Execution Agents">
      </AgentRule>
    </Execution>
  </TestSettings>
  <Times creation="2013-06-28T15:46:25.8432105+07:00" queuing="2013-06-28T15:46:25.8462106+07:00" start="2013-06-28T15:46:25.8982136+07:00" finish="2013-06-28T15:46:26.2572341+07:00" />
  <ResultSummary outcome="Failed">
    <Counters total="2" executed="2" error="0" failed="2" timeout="0" aborted="0" inconclusive="0" passedButRunAborted="0" notRunnable="0" notExecuted="0" disconnected="0" warning="0" passed="0" completed="0" inProgress="0" pending="0" />
  </ResultSummary>
  <TestDefinitions>
    <UnitTest name="TestMethod1" storage="c:\users\admin\documents\github\calculate\testggraphrez\bin\debug\testggraphrez.dll" id="35ad0d10-4ca8-282d-6b17-32c220db3721">
      <Execution id="ca5caca6-4fe4-42c1-9d70-61a8812922d1" />
      <TestMethod codeBase="C:/Users/Admin/Documents/GitHub/Calculate/TestgGraphrez/bin/Debug/TestgGraphrez.DLL" adapterTypeName="Microsoft.VisualStudio.TestTools.TestTypes.Unit.UnitTestAdapter, Microsoft.VisualStudio.QualityTools.Tips.UnitTest.Adapter, Version=10.0.0.0, Culture=neutral, PublicKeyToken=b03f5f7f11d50a3a" className="TestgGraphrez.UnitTest1, TestgGraphrez, Version=1.0.0.0, Culture=neutral, PublicKeyToken=null" name="TestMethod1" />
    </UnitTest>
    <UnitTest name="TestMethod2" storage="c:\users\admin\documents\github\calculate\testggraphrez\bin\debug\testggraphrez.dll" id="b3a89354-f0e5-f6c8-4026-7b6284e53693">
      <Execution id="659979b9-871f-4dbc-8708-18cfc5671e99" />
      <TestMethod codeBase="C:/Users/Admin/Documents/GitHub/Calculate/TestgGraphrez/bin/Debug/TestgGraphrez.DLL" adapterTypeName="Microsoft.VisualStudio.TestTools.TestTypes.Unit.UnitTestAdapter, Microsoft.VisualStudio.QualityTools.Tips.UnitTest.Adapter, Version=10.0.0.0, Culture=neutral, PublicKeyToken=b03f5f7f11d50a3a" className="TestgGraphrez.UnitTest1, TestgGraphrez, Version=1.0.0.0, Culture=neutral, PublicKeyToken=null" name="TestMethod2" />
    </UnitTest>
  </TestDefinitions>
  <TestLists>
    <TestList name="Отсутствующие в списке результаты" id="8c84fa94-04c1-424b-9868-57a2d4851a1d" />
    <TestList name="Все загруженные результаты" id="19431567-8539-422a-85d7-44ee4e166bda" />
  </TestLists>
  <TestEntries>
    <TestEntry testId="35ad0d10-4ca8-282d-6b17-32c220db3721" executionId="ca5caca6-4fe4-42c1-9d70-61a8812922d1" testListId="8c84fa94-04c1-424b-9868-57a2d4851a1d" />
    <TestEntry testId="b3a89354-f0e5-f6c8-4026-7b6284e53693" executionId="659979b9-871f-4dbc-8708-18cfc5671e99" testListId="8c84fa94-04c1-424b-9868-57a2d4851a1d" />
  </TestEntries>
  <Results>
    <UnitTestResult executionId="ca5caca6-4fe4-42c1-9d70-61a8812922d1" testId="35ad0d10-4ca8-282d-6b17-32c220db3721" testName="TestMethod1" computerName="PC127" duration="00:00:00.0300874" startTime="2013-06-28T15:46:25.9152146+07:00" endTime="2013-06-28T15:46:26.1382273+07:00" testType="13cdc9d9-ddb5-4fa4-a97d-d965ccfc6d4b" outcome="Failed" testListId="8c84fa94-04c1-424b-9868-57a2d4851a1d" relativeResultsDirectory="ca5caca6-4fe4-42c1-9d70-61a8812922d1">
      <Output>
        <ErrorInfo>
          <Message>Ошибка в Assert.AreEqual. Между ожидаемым значением &lt;3&gt; и фактическим значением &lt;6&gt; требуется разница не более чем &lt;0,001&gt;. </Message>
          <StackTrace>   в TestgGraphrez.UnitTest1.TestMethod1() в C:\Users\Admin\Documents\GitHub\Calculate\TestgGraphrez\UnitTest1.cs:строка 16
</StackTrace>
        </ErrorInfo>
      </Output>
    </UnitTestResult>
    <UnitTestResult executionId="659979b9-871f-4dbc-8708-18cfc5671e99" testId="b3a89354-f0e5-f6c8-4026-7b6284e53693" testName="TestMethod2" computerName="PC127" duration="00:00:00.0164088" startTime="2013-06-28T15:46:26.1672290+07:00" endTime="2013-06-28T15:46:26.2002309+07:00" testType="13cdc9d9-ddb5-4fa4-a97d-d965ccfc6d4b" outcome="Failed" testListId="8c84fa94-04c1-424b-9868-57a2d4851a1d" relativeResultsDirectory="659979b9-871f-4dbc-8708-18cfc5671e99">
      <Output>
        <ErrorInfo>
          <Message>Ошибка в Assert.AreEqual. Между ожидаемым значением &lt;3&gt; и фактическим значением &lt;6&gt; требуется разница не более чем &lt;0,001&gt;. </Message>
          <StackTrace>   в TestgGraphrez.UnitTest1.TestMethod2() в C:\Users\Admin\Documents\GitHub\Calculate\TestgGraphrez\UnitTest1.cs:строка 23
</StackTrace>
        </ErrorInfo>
      </Output>
    </UnitTestResult>
  </Results>
</TestRun>