<?xml version="1.0" encoding="UTF-8"?>
<TestRun id="edcc844f-e403-4737-85e4-84ab62b236b1" name="Admin@PC127 2013-07-01 15:14:27" runUser="pc127\Admin" xmlns="http://microsoft.com/schemas/VisualStudio/TeamTest/2010">
  <TestSettings name="Локальные" id="0307d9ab-2183-4378-b68a-427592b18606">
    <Description>Это - параметры по умолчанию для локального тестового запуска.</Description>
    <Deployment enabled="false" runDeploymentRoot="Admin_PC127 2013-07-01 15_14_27">
      <DeploymentItem filename="C:\Users\Admin\Documents\GitHub\Calculate\graphrez\bin\Debug\graphrez.exe" />
    </Deployment>
    <Execution>
      <TestTypeSpecific />
      <AgentRule name="Execution Agents">
      </AgentRule>
    </Execution>
  </TestSettings>
  <Times creation="2013-07-01T15:14:27.9190554+07:00" queuing="2013-07-01T15:14:29.0411196+07:00" start="2013-07-01T15:14:29.1701269+07:00" finish="2013-07-01T15:14:31.6592693+07:00" />
  <ResultSummary outcome="Completed">
    <Counters total="15" executed="15" passed="15" error="0" failed="0" timeout="0" aborted="0" inconclusive="0" passedButRunAborted="0" notRunnable="0" notExecuted="0" disconnected="0" warning="0" completed="0" inProgress="0" pending="0" />
  </ResultSummary>
  <TestDefinitions>
    <UnitTest name="TestInt" storage="c:\users\admin\documents\github\calculate\testggraphrez\bin\debug\testggraphrez.dll" id="04443e7f-f9b7-21a8-cf7e-0b125466d972">
      <Execution id="efc0cf83-e473-430e-a6f8-edddcb30b767" />
      <TestMethod codeBase="C:/Users/Admin/Documents/GitHub/Calculate/TestgGraphrez/bin/Debug/TestgGraphrez.DLL" adapterTypeName="Microsoft.VisualStudio.TestTools.TestTypes.Unit.UnitTestAdapter, Microsoft.VisualStudio.QualityTools.Tips.UnitTest.Adapter, Version=10.0.0.0, Culture=neutral, PublicKeyToken=b03f5f7f11d50a3a" className="TestgGraphrez.AdditionTest, TestgGraphrez, Version=1.0.0.0, Culture=neutral, PublicKeyToken=null" name="TestInt" />
    </UnitTest>
    <UnitTest name="TestInt" storage="c:\users\admin\documents\github\calculate\testggraphrez\bin\debug\testggraphrez.dll" id="b5fd0e53-900f-4e15-b75b-4439a1c204fe">
      <Execution id="1dc302d7-dfc3-4144-b6b2-ac5c08cbed8b" />
      <TestMethod codeBase="C:/Users/Admin/Documents/GitHub/Calculate/TestgGraphrez/bin/Debug/TestgGraphrez.DLL" adapterTypeName="Microsoft.VisualStudio.TestTools.TestTypes.Unit.UnitTestAdapter, Microsoft.VisualStudio.QualityTools.Tips.UnitTest.Adapter, Version=10.0.0.0, Culture=neutral, PublicKeyToken=b03f5f7f11d50a3a" className="TestgGraphrez.Logarifm10Test, TestgGraphrez, Version=1.0.0.0, Culture=neutral, PublicKeyToken=null" name="TestInt" />
    </UnitTest>
    <UnitTest name="TestDouble" storage="c:\users\admin\documents\github\calculate\testggraphrez\bin\debug\testggraphrez.dll" id="a76ef35d-fdf0-f6cc-0e27-623b73fc6140">
      <Execution id="0e7ca1a2-1271-45db-b431-8c91286f19ad" />
      <TestMethod codeBase="C:/Users/Admin/Documents/GitHub/Calculate/TestgGraphrez/bin/Debug/TestgGraphrez.DLL" adapterTypeName="Microsoft.VisualStudio.TestTools.TestTypes.Unit.UnitTestAdapter, Microsoft.VisualStudio.QualityTools.Tips.UnitTest.Adapter, Version=10.0.0.0, Culture=neutral, PublicKeyToken=b03f5f7f11d50a3a" className="TestgGraphrez.SubstractionTest, TestgGraphrez, Version=1.0.0.0, Culture=neutral, PublicKeyToken=null" name="TestDouble" />
    </UnitTest>
    <UnitTest name="TestInt" storage="c:\users\admin\documents\github\calculate\testggraphrez\bin\debug\testggraphrez.dll" id="9ba4104d-6776-4fd7-c85b-0c0c2193a59a">
      <Execution id="b631c269-fd4a-4911-804b-dc283876c5e3" />
      <TestMethod codeBase="C:/Users/Admin/Documents/GitHub/Calculate/TestgGraphrez/bin/Debug/TestgGraphrez.DLL" adapterTypeName="Microsoft.VisualStudio.TestTools.TestTypes.Unit.UnitTestAdapter, Microsoft.VisualStudio.QualityTools.Tips.UnitTest.Adapter, Version=10.0.0.0, Culture=neutral, PublicKeyToken=b03f5f7f11d50a3a" className="TestgGraphrez.NaturalLogarifmTest, TestgGraphrez, Version=1.0.0.0, Culture=neutral, PublicKeyToken=null" name="TestInt" />
    </UnitTest>
    <UnitTest name="TestInt" storage="c:\users\admin\documents\github\calculate\testggraphrez\bin\debug\testggraphrez.dll" id="09635c2f-01be-8110-88f1-540c063de1a7">
      <Execution id="ca2d11b1-9334-4d2e-ae73-f6588a8b2d06" />
      <TestMethod codeBase="C:/Users/Admin/Documents/GitHub/Calculate/TestgGraphrez/bin/Debug/TestgGraphrez.DLL" adapterTypeName="Microsoft.VisualStudio.TestTools.TestTypes.Unit.UnitTestAdapter, Microsoft.VisualStudio.QualityTools.Tips.UnitTest.Adapter, Version=10.0.0.0, Culture=neutral, PublicKeyToken=b03f5f7f11d50a3a" className="TestgGraphrez.FactorialTest, TestgGraphrez, Version=1.0.0.0, Culture=neutral, PublicKeyToken=null" name="TestInt" />
    </UnitTest>
    <UnitTest name="TestInt" storage="c:\users\admin\documents\github\calculate\testggraphrez\bin\debug\testggraphrez.dll" id="20fd104c-c5d0-78c6-4469-6f5fac7f20d2">
      <Execution id="174f67cc-da0b-466d-860d-ad4bfd2ca0e2" />
      <TestMethod codeBase="C:/Users/Admin/Documents/GitHub/Calculate/TestgGraphrez/bin/Debug/TestgGraphrez.DLL" adapterTypeName="Microsoft.VisualStudio.TestTools.TestTypes.Unit.UnitTestAdapter, Microsoft.VisualStudio.QualityTools.Tips.UnitTest.Adapter, Version=10.0.0.0, Culture=neutral, PublicKeyToken=b03f5f7f11d50a3a" className="TestgGraphrez.DivisionTest, TestgGraphrez, Version=1.0.0.0, Culture=neutral, PublicKeyToken=null" name="TestInt" />
    </UnitTest>
    <UnitTest name="TestInt" storage="c:\users\admin\documents\github\calculate\testggraphrez\bin\debug\testggraphrez.dll" id="8354419e-6c45-5fcf-3878-1a1904429f7a">
      <Execution id="7cf4d651-336b-4aa9-90e8-38020916c0e3" />
      <TestMethod codeBase="C:/Users/Admin/Documents/GitHub/Calculate/TestgGraphrez/bin/Debug/TestgGraphrez.DLL" adapterTypeName="Microsoft.VisualStudio.TestTools.TestTypes.Unit.UnitTestAdapter, Microsoft.VisualStudio.QualityTools.Tips.UnitTest.Adapter, Version=10.0.0.0, Culture=neutral, PublicKeyToken=b03f5f7f11d50a3a" className="TestgGraphrez.LogyTest, TestgGraphrez, Version=1.0.0.0, Culture=neutral, PublicKeyToken=null" name="TestInt" />
    </UnitTest>
    <UnitTest name="doubleTest" storage="c:\users\admin\documents\github\calculate\testggraphrez\bin\debug\testggraphrez.dll" id="55f46a5a-cae9-d6e1-8f67-e8271f72213a">
      <Execution id="ca1416a2-a734-40bd-b4c5-bb577f02c048" />
      <TestMethod codeBase="C:/Users/Admin/Documents/GitHub/Calculate/TestgGraphrez/bin/Debug/TestgGraphrez.DLL" adapterTypeName="Microsoft.VisualStudio.TestTools.TestTypes.Unit.UnitTestAdapter, Microsoft.VisualStudio.QualityTools.Tips.UnitTest.Adapter, Version=10.0.0.0, Culture=neutral, PublicKeyToken=b03f5f7f11d50a3a" className="TestgGraphrez.AsinTest, TestgGraphrez, Version=1.0.0.0, Culture=neutral, PublicKeyToken=null" name="doubleTest" />
    </UnitTest>
    <UnitTest name="TestInt" storage="c:\users\admin\documents\github\calculate\testggraphrez\bin\debug\testggraphrez.dll" id="0a28b335-9118-2e90-fc31-af7a9e18fd90">
      <Execution id="fbb9769b-1818-4ee1-9ed7-f6408f6cf2cd" />
      <TestMethod codeBase="C:/Users/Admin/Documents/GitHub/Calculate/TestgGraphrez/bin/Debug/TestgGraphrez.DLL" adapterTypeName="Microsoft.VisualStudio.TestTools.TestTypes.Unit.UnitTestAdapter, Microsoft.VisualStudio.QualityTools.Tips.UnitTest.Adapter, Version=10.0.0.0, Culture=neutral, PublicKeyToken=b03f5f7f11d50a3a" className="TestgGraphrez.SubstractionTest, TestgGraphrez, Version=1.0.0.0, Culture=neutral, PublicKeyToken=null" name="TestInt" />
    </UnitTest>
    <UnitTest name="TestDouble" storage="c:\users\admin\documents\github\calculate\testggraphrez\bin\debug\testggraphrez.dll" id="e81f30b4-104f-eacc-f336-6fe40962c615">
      <Execution id="582591b8-8783-4cb8-9eb3-d7f3b1cf6e2a" />
      <TestMethod codeBase="C:/Users/Admin/Documents/GitHub/Calculate/TestgGraphrez/bin/Debug/TestgGraphrez.DLL" adapterTypeName="Microsoft.VisualStudio.TestTools.TestTypes.Unit.UnitTestAdapter, Microsoft.VisualStudio.QualityTools.Tips.UnitTest.Adapter, Version=10.0.0.0, Culture=neutral, PublicKeyToken=b03f5f7f11d50a3a" className="TestgGraphrez.NaturalLogarifmTest, TestgGraphrez, Version=1.0.0.0, Culture=neutral, PublicKeyToken=null" name="TestDouble" />
    </UnitTest>
    <UnitTest name="DoubleTest" storage="c:\users\admin\documents\github\calculate\testggraphrez\bin\debug\testggraphrez.dll" id="4d211943-eeb5-052a-2994-2a3ea4e7421c">
      <Execution id="d885cbaa-ba0a-4d00-9477-b7c0500f5081" />
      <TestMethod codeBase="C:/Users/Admin/Documents/GitHub/Calculate/TestgGraphrez/bin/Debug/TestgGraphrez.DLL" adapterTypeName="Microsoft.VisualStudio.TestTools.TestTypes.Unit.UnitTestAdapter, Microsoft.VisualStudio.QualityTools.Tips.UnitTest.Adapter, Version=10.0.0.0, Culture=neutral, PublicKeyToken=b03f5f7f11d50a3a" className="TestgGraphrez.SinTest, TestgGraphrez, Version=1.0.0.0, Culture=neutral, PublicKeyToken=null" name="DoubleTest" />
    </UnitTest>
    <UnitTest name="TestInt" storage="c:\users\admin\documents\github\calculate\testggraphrez\bin\debug\testggraphrez.dll" id="84a07e41-a0fd-da03-d6de-5dc8bbf0a4a7">
      <Execution id="aa3cc988-c230-41cf-ad93-efa12f28984a" />
      <TestMethod codeBase="C:/Users/Admin/Documents/GitHub/Calculate/TestgGraphrez/bin/Debug/TestgGraphrez.DLL" adapterTypeName="Microsoft.VisualStudio.TestTools.TestTypes.Unit.UnitTestAdapter, Microsoft.VisualStudio.QualityTools.Tips.UnitTest.Adapter, Version=10.0.0.0, Culture=neutral, PublicKeyToken=b03f5f7f11d50a3a" className="TestgGraphrez.Loogarifm2Test, TestgGraphrez, Version=1.0.0.0, Culture=neutral, PublicKeyToken=null" name="TestInt" />
    </UnitTest>
    <UnitTest name="TestFloat" storage="c:\users\admin\documents\github\calculate\testggraphrez\bin\debug\testggraphrez.dll" id="2da0da56-edcd-1076-a340-0dc90ca1d00a">
      <Execution id="c464d6f5-40b9-4101-bdcf-abf67cd17d84" />
      <TestMethod codeBase="C:/Users/Admin/Documents/GitHub/Calculate/TestgGraphrez/bin/Debug/TestgGraphrez.DLL" adapterTypeName="Microsoft.VisualStudio.TestTools.TestTypes.Unit.UnitTestAdapter, Microsoft.VisualStudio.QualityTools.Tips.UnitTest.Adapter, Version=10.0.0.0, Culture=neutral, PublicKeyToken=b03f5f7f11d50a3a" className="TestgGraphrez.DivisionTest, TestgGraphrez, Version=1.0.0.0, Culture=neutral, PublicKeyToken=null" name="TestFloat" />
    </UnitTest>
    <UnitTest name="Testdooble" storage="c:\users\admin\documents\github\calculate\testggraphrez\bin\debug\testggraphrez.dll" id="8c874cdf-5c70-2c1b-54b3-d6e3235222b0">
      <Execution id="07bdf531-530f-4cea-ab20-eaa23dcef40d" />
      <TestMethod codeBase="C:/Users/Admin/Documents/GitHub/Calculate/TestgGraphrez/bin/Debug/TestgGraphrez.DLL" adapterTypeName="Microsoft.VisualStudio.TestTools.TestTypes.Unit.UnitTestAdapter, Microsoft.VisualStudio.QualityTools.Tips.UnitTest.Adapter, Version=10.0.0.0, Culture=neutral, PublicKeyToken=b03f5f7f11d50a3a" className="TestgGraphrez.ExpTest, TestgGraphrez, Version=1.0.0.0, Culture=neutral, PublicKeyToken=null" name="Testdooble" />
    </UnitTest>
    <UnitTest name="TestDooble" storage="c:\users\admin\documents\github\calculate\testggraphrez\bin\debug\testggraphrez.dll" id="bbe9b431-e740-0447-28f5-5e07af1a265f">
      <Execution id="66e103e5-f313-45e1-a9a1-9608397ef713" />
      <TestMethod codeBase="C:/Users/Admin/Documents/GitHub/Calculate/TestgGraphrez/bin/Debug/TestgGraphrez.DLL" adapterTypeName="Microsoft.VisualStudio.TestTools.TestTypes.Unit.UnitTestAdapter, Microsoft.VisualStudio.QualityTools.Tips.UnitTest.Adapter, Version=10.0.0.0, Culture=neutral, PublicKeyToken=b03f5f7f11d50a3a" className="TestgGraphrez.AdditionTest, TestgGraphrez, Version=1.0.0.0, Culture=neutral, PublicKeyToken=null" name="TestDooble" />
    </UnitTest>
  </TestDefinitions>
  <TestLists>
    <TestList name="Отсутствующие в списке результаты" id="8c84fa94-04c1-424b-9868-57a2d4851a1d" />
    <TestList name="Все загруженные результаты" id="19431567-8539-422a-85d7-44ee4e166bda" />
  </TestLists>
  <TestEntries>
    <TestEntry testId="04443e7f-f9b7-21a8-cf7e-0b125466d972" executionId="efc0cf83-e473-430e-a6f8-edddcb30b767" testListId="8c84fa94-04c1-424b-9868-57a2d4851a1d" />
    <TestEntry testId="09635c2f-01be-8110-88f1-540c063de1a7" executionId="ca2d11b1-9334-4d2e-ae73-f6588a8b2d06" testListId="8c84fa94-04c1-424b-9868-57a2d4851a1d" />
    <TestEntry testId="0a28b335-9118-2e90-fc31-af7a9e18fd90" executionId="fbb9769b-1818-4ee1-9ed7-f6408f6cf2cd" testListId="8c84fa94-04c1-424b-9868-57a2d4851a1d" />
    <TestEntry testId="20fd104c-c5d0-78c6-4469-6f5fac7f20d2" executionId="174f67cc-da0b-466d-860d-ad4bfd2ca0e2" testListId="8c84fa94-04c1-424b-9868-57a2d4851a1d" />
    <TestEntry testId="2da0da56-edcd-1076-a340-0dc90ca1d00a" executionId="c464d6f5-40b9-4101-bdcf-abf67cd17d84" testListId="8c84fa94-04c1-424b-9868-57a2d4851a1d" />
    <TestEntry testId="4d211943-eeb5-052a-2994-2a3ea4e7421c" executionId="d885cbaa-ba0a-4d00-9477-b7c0500f5081" testListId="8c84fa94-04c1-424b-9868-57a2d4851a1d" />
    <TestEntry testId="55f46a5a-cae9-d6e1-8f67-e8271f72213a" executionId="ca1416a2-a734-40bd-b4c5-bb577f02c048" testListId="8c84fa94-04c1-424b-9868-57a2d4851a1d" />
    <TestEntry testId="8354419e-6c45-5fcf-3878-1a1904429f7a" executionId="7cf4d651-336b-4aa9-90e8-38020916c0e3" testListId="8c84fa94-04c1-424b-9868-57a2d4851a1d" />
    <TestEntry testId="84a07e41-a0fd-da03-d6de-5dc8bbf0a4a7" executionId="aa3cc988-c230-41cf-ad93-efa12f28984a" testListId="8c84fa94-04c1-424b-9868-57a2d4851a1d" />
    <TestEntry testId="8c874cdf-5c70-2c1b-54b3-d6e3235222b0" executionId="07bdf531-530f-4cea-ab20-eaa23dcef40d" testListId="8c84fa94-04c1-424b-9868-57a2d4851a1d" />
    <TestEntry testId="9ba4104d-6776-4fd7-c85b-0c0c2193a59a" executionId="b631c269-fd4a-4911-804b-dc283876c5e3" testListId="8c84fa94-04c1-424b-9868-57a2d4851a1d" />
    <TestEntry testId="a76ef35d-fdf0-f6cc-0e27-623b73fc6140" executionId="0e7ca1a2-1271-45db-b431-8c91286f19ad" testListId="8c84fa94-04c1-424b-9868-57a2d4851a1d" />
    <TestEntry testId="b5fd0e53-900f-4e15-b75b-4439a1c204fe" executionId="1dc302d7-dfc3-4144-b6b2-ac5c08cbed8b" testListId="8c84fa94-04c1-424b-9868-57a2d4851a1d" />
    <TestEntry testId="bbe9b431-e740-0447-28f5-5e07af1a265f" executionId="66e103e5-f313-45e1-a9a1-9608397ef713" testListId="8c84fa94-04c1-424b-9868-57a2d4851a1d" />
    <TestEntry testId="e81f30b4-104f-eacc-f336-6fe40962c615" executionId="582591b8-8783-4cb8-9eb3-d7f3b1cf6e2a" testListId="8c84fa94-04c1-424b-9868-57a2d4851a1d" />
  </TestEntries>
  <Results>
    <UnitTestResult executionId="efc0cf83-e473-430e-a6f8-edddcb30b767" testId="04443e7f-f9b7-21a8-cf7e-0b125466d972" testName="TestInt" computerName="PC127" duration="00:00:00.0386262" startTime="2013-07-01T15:14:29.3081348+07:00" endTime="2013-07-01T15:14:30.5752073+07:00" testType="13cdc9d9-ddb5-4fa4-a97d-d965ccfc6d4b" outcome="Passed" testListId="8c84fa94-04c1-424b-9868-57a2d4851a1d" relativeResultsDirectory="efc0cf83-e473-430e-a6f8-edddcb30b767">
    </UnitTestResult>
    <UnitTestResult executionId="ca2d11b1-9334-4d2e-ae73-f6588a8b2d06" testId="09635c2f-01be-8110-88f1-540c063de1a7" testName="TestInt" computerName="PC127" duration="00:00:00.0025044" startTime="2013-07-01T15:14:30.6072091+07:00" endTime="2013-07-01T15:14:30.6282103+07:00" testType="13cdc9d9-ddb5-4fa4-a97d-d965ccfc6d4b" outcome="Passed" testListId="8c84fa94-04c1-424b-9868-57a2d4851a1d" relativeResultsDirectory="ca2d11b1-9334-4d2e-ae73-f6588a8b2d06">
    </UnitTestResult>
    <UnitTestResult executionId="fbb9769b-1818-4ee1-9ed7-f6408f6cf2cd" testId="0a28b335-9118-2e90-fc31-af7a9e18fd90" testName="TestInt" computerName="PC127" duration="00:00:00.0004941" startTime="2013-07-01T15:14:30.6612122+07:00" endTime="2013-07-01T15:14:30.6842135+07:00" testType="13cdc9d9-ddb5-4fa4-a97d-d965ccfc6d4b" outcome="Passed" testListId="8c84fa94-04c1-424b-9868-57a2d4851a1d" relativeResultsDirectory="fbb9769b-1818-4ee1-9ed7-f6408f6cf2cd">
    </UnitTestResult>
    <UnitTestResult executionId="174f67cc-da0b-466d-860d-ad4bfd2ca0e2" testId="20fd104c-c5d0-78c6-4469-6f5fac7f20d2" testName="TestInt" computerName="PC127" duration="00:00:00.0006039" startTime="2013-07-01T15:14:30.7172154+07:00" endTime="2013-07-01T15:14:30.7422168+07:00" testType="13cdc9d9-ddb5-4fa4-a97d-d965ccfc6d4b" outcome="Passed" testListId="8c84fa94-04c1-424b-9868-57a2d4851a1d" relativeResultsDirectory="174f67cc-da0b-466d-860d-ad4bfd2ca0e2">
    </UnitTestResult>
    <UnitTestResult executionId="c464d6f5-40b9-4101-bdcf-abf67cd17d84" testId="2da0da56-edcd-1076-a340-0dc90ca1d00a" testName="TestFloat" computerName="PC127" duration="00:00:00.0002080" startTime="2013-07-01T15:14:30.7592178+07:00" endTime="2013-07-01T15:14:30.7782189+07:00" testType="13cdc9d9-ddb5-4fa4-a97d-d965ccfc6d4b" outcome="Passed" testListId="8c84fa94-04c1-424b-9868-57a2d4851a1d" relativeResultsDirectory="c464d6f5-40b9-4101-bdcf-abf67cd17d84">
    </UnitTestResult>
    <UnitTestResult executionId="d885cbaa-ba0a-4d00-9477-b7c0500f5081" testId="4d211943-eeb5-052a-2994-2a3ea4e7421c" testName="DoubleTest" computerName="PC127" duration="00:00:00.0005362" startTime="2013-07-01T15:14:30.8052205+07:00" endTime="2013-07-01T15:14:30.8322220+07:00" testType="13cdc9d9-ddb5-4fa4-a97d-d965ccfc6d4b" outcome="Passed" testListId="8c84fa94-04c1-424b-9868-57a2d4851a1d" relativeResultsDirectory="d885cbaa-ba0a-4d00-9477-b7c0500f5081">
    </UnitTestResult>
    <UnitTestResult executionId="ca1416a2-a734-40bd-b4c5-bb577f02c048" testId="55f46a5a-cae9-d6e1-8f67-e8271f72213a" testName="doubleTest" computerName="PC127" duration="00:00:00.0018101" startTime="2013-07-01T15:14:30.8512231+07:00" endTime="2013-07-01T15:14:30.8762245+07:00" testType="13cdc9d9-ddb5-4fa4-a97d-d965ccfc6d4b" outcome="Passed" testListId="8c84fa94-04c1-424b-9868-57a2d4851a1d" relativeResultsDirectory="ca1416a2-a734-40bd-b4c5-bb577f02c048">
    </UnitTestResult>
    <UnitTestResult executionId="7cf4d651-336b-4aa9-90e8-38020916c0e3" testId="8354419e-6c45-5fcf-3878-1a1904429f7a" testName="TestInt" computerName="PC127" duration="00:00:00.0021085" startTime="2013-07-01T15:14:30.9002259+07:00" endTime="2013-07-01T15:14:30.9272274+07:00" testType="13cdc9d9-ddb5-4fa4-a97d-d965ccfc6d4b" outcome="Passed" testListId="8c84fa94-04c1-424b-9868-57a2d4851a1d" relativeResultsDirectory="7cf4d651-336b-4aa9-90e8-38020916c0e3">
    </UnitTestResult>
    <UnitTestResult executionId="aa3cc988-c230-41cf-ad93-efa12f28984a" testId="84a07e41-a0fd-da03-d6de-5dc8bbf0a4a7" testName="TestInt" computerName="PC127" duration="00:00:00.0005006" startTime="2013-07-01T15:14:30.9462285+07:00" endTime="2013-07-01T15:14:30.9712299+07:00" testType="13cdc9d9-ddb5-4fa4-a97d-d965ccfc6d4b" outcome="Passed" testListId="8c84fa94-04c1-424b-9868-57a2d4851a1d" relativeResultsDirectory="aa3cc988-c230-41cf-ad93-efa12f28984a">
    </UnitTestResult>
    <UnitTestResult executionId="07bdf531-530f-4cea-ab20-eaa23dcef40d" testId="8c874cdf-5c70-2c1b-54b3-d6e3235222b0" testName="Testdooble" computerName="PC127" duration="00:00:00.0005611" startTime="2013-07-01T15:14:31.0072320+07:00" endTime="2013-07-01T15:14:31.0202327+07:00" testType="13cdc9d9-ddb5-4fa4-a97d-d965ccfc6d4b" outcome="Passed" testListId="8c84fa94-04c1-424b-9868-57a2d4851a1d" relativeResultsDirectory="07bdf531-530f-4cea-ab20-eaa23dcef40d">
    </UnitTestResult>
    <UnitTestResult executionId="b631c269-fd4a-4911-804b-dc283876c5e3" testId="9ba4104d-6776-4fd7-c85b-0c0c2193a59a" testName="TestInt" computerName="PC127" duration="00:00:00.0005115" startTime="2013-07-01T15:14:31.0452342+07:00" endTime="2013-07-01T15:14:31.0712357+07:00" testType="13cdc9d9-ddb5-4fa4-a97d-d965ccfc6d4b" outcome="Passed" testListId="8c84fa94-04c1-424b-9868-57a2d4851a1d" relativeResultsDirectory="b631c269-fd4a-4911-804b-dc283876c5e3">
    </UnitTestResult>
    <UnitTestResult executionId="0e7ca1a2-1271-45db-b431-8c91286f19ad" testId="a76ef35d-fdf0-f6cc-0e27-623b73fc6140" testName="TestDouble" computerName="PC127" duration="00:00:00.0002005" startTime="2013-07-01T15:14:31.1052376+07:00" endTime="2013-07-01T15:14:31.1332392+07:00" testType="13cdc9d9-ddb5-4fa4-a97d-d965ccfc6d4b" outcome="Passed" testListId="8c84fa94-04c1-424b-9868-57a2d4851a1d" relativeResultsDirectory="0e7ca1a2-1271-45db-b431-8c91286f19ad">
    </UnitTestResult>
    <UnitTestResult executionId="1dc302d7-dfc3-4144-b6b2-ac5c08cbed8b" testId="b5fd0e53-900f-4e15-b75b-4439a1c204fe" testName="TestInt" computerName="PC127" duration="00:00:00.0004852" startTime="2013-07-01T15:14:31.1562405+07:00" endTime="2013-07-01T15:14:31.1852422+07:00" testType="13cdc9d9-ddb5-4fa4-a97d-d965ccfc6d4b" outcome="Passed" testListId="8c84fa94-04c1-424b-9868-57a2d4851a1d" relativeResultsDirectory="1dc302d7-dfc3-4144-b6b2-ac5c08cbed8b">
    </UnitTestResult>
    <UnitTestResult executionId="66e103e5-f313-45e1-a9a1-9608397ef713" testId="bbe9b431-e740-0447-28f5-5e07af1a265f" testName="TestDooble" computerName="PC127" duration="00:00:00.0002224" startTime="2013-07-01T15:14:31.2172440+07:00" endTime="2013-07-01T15:14:31.2402453+07:00" testType="13cdc9d9-ddb5-4fa4-a97d-d965ccfc6d4b" outcome="Passed" testListId="8c84fa94-04c1-424b-9868-57a2d4851a1d" relativeResultsDirectory="66e103e5-f313-45e1-a9a1-9608397ef713">
    </UnitTestResult>
    <UnitTestResult executionId="582591b8-8783-4cb8-9eb3-d7f3b1cf6e2a" testId="e81f30b4-104f-eacc-f336-6fe40962c615" testName="TestDouble" computerName="PC127" duration="00:00:00.0002227" startTime="2013-07-01T15:14:31.2712471+07:00" endTime="2013-07-01T15:14:31.3412511+07:00" testType="13cdc9d9-ddb5-4fa4-a97d-d965ccfc6d4b" outcome="Passed" testListId="8c84fa94-04c1-424b-9868-57a2d4851a1d" relativeResultsDirectory="582591b8-8783-4cb8-9eb3-d7f3b1cf6e2a">
    </UnitTestResult>
  </Results>
</TestRun>