<?xml version="1.0" encoding="UTF-8"?>
<TestRun id="c920ecc7-7dfb-459d-9c62-793c0af17b5f" name="Admin@PC127 2013-07-01 13:01:52" runUser="pc127\Admin" xmlns="http://microsoft.com/schemas/VisualStudio/TeamTest/2010">
  <TestSettings name="Локальные" id="0307d9ab-2183-4378-b68a-427592b18606">
    <Description>Это - параметры по умолчанию для локального тестового запуска.</Description>
    <Deployment enabled="false" runDeploymentRoot="Admin_PC127 2013-07-01 13_01_52">
      <DeploymentItem filename="C:\Users\Admin\Documents\GitHub\Calculate\graphrez\bin\Debug\graphrez.exe" />
    </Deployment>
    <Execution>
      <TestTypeSpecific />
      <AgentRule name="Execution Agents">
      </AgentRule>
    </Execution>
  </TestSettings>
  <Times creation="2013-07-01T13:01:52.7172698+07:00" queuing="2013-07-01T13:01:52.7482716+07:00" start="2013-07-01T13:01:52.9972859+07:00" finish="2013-07-01T13:01:53.6923256+07:00" />
  <ResultSummary outcome="Completed">
    <Counters total="2" executed="2" passed="2" error="0" failed="0" timeout="0" aborted="0" inconclusive="0" passedButRunAborted="0" notRunnable="0" notExecuted="0" disconnected="0" warning="0" completed="0" inProgress="0" pending="0" />
  </ResultSummary>
  <TestDefinitions>
    <UnitTest name="TestMethod1" storage="c:\users\admin\documents\github\calculate\testggraphrez\bin\debug\testggraphrez.dll" id="2cb68de2-f8a9-4dda-ccb0-c18c97d404a9">
      <Execution id="90c81cee-e2f2-4e1c-a0f4-017f53ab174a" />
      <TestMethod codeBase="C:/Users/Admin/Documents/GitHub/Calculate/TestgGraphrez/bin/Debug/TestgGraphrez.DLL" adapterTypeName="Microsoft.VisualStudio.TestTools.TestTypes.Unit.UnitTestAdapter, Microsoft.VisualStudio.QualityTools.Tips.UnitTest.Adapter, Version=10.0.0.0, Culture=neutral, PublicKeyToken=b03f5f7f11d50a3a" className="TestgGraphrez.AdditionTest, TestgGraphrez, Version=1.0.0.0, Culture=neutral, PublicKeyToken=null" name="TestMethod1" />
    </UnitTest>
    <UnitTest name="TestMethod2" storage="c:\users\admin\documents\github\calculate\testggraphrez\bin\debug\testggraphrez.dll" id="7fd026b9-71e7-5b7e-77af-75e9a2a69751">
      <Execution id="ddbf1575-3377-47c0-a5a2-b7032aa39160" />
      <TestMethod codeBase="C:/Users/Admin/Documents/GitHub/Calculate/TestgGraphrez/bin/Debug/TestgGraphrez.DLL" adapterTypeName="Microsoft.VisualStudio.TestTools.TestTypes.Unit.UnitTestAdapter, Microsoft.VisualStudio.QualityTools.Tips.UnitTest.Adapter, Version=10.0.0.0, Culture=neutral, PublicKeyToken=b03f5f7f11d50a3a" className="TestgGraphrez.AdditionTest, TestgGraphrez, Version=1.0.0.0, Culture=neutral, PublicKeyToken=null" name="TestMethod2" />
    </UnitTest>
  </TestDefinitions>
  <TestLists>
    <TestList name="Отсутствующие в списке результаты" id="8c84fa94-04c1-424b-9868-57a2d4851a1d" />
    <TestList name="Все загруженные результаты" id="19431567-8539-422a-85d7-44ee4e166bda" />
  </TestLists>
  <TestEntries>
    <TestEntry testId="2cb68de2-f8a9-4dda-ccb0-c18c97d404a9" executionId="90c81cee-e2f2-4e1c-a0f4-017f53ab174a" testListId="8c84fa94-04c1-424b-9868-57a2d4851a1d" />
    <TestEntry testId="7fd026b9-71e7-5b7e-77af-75e9a2a69751" executionId="ddbf1575-3377-47c0-a5a2-b7032aa39160" testListId="8c84fa94-04c1-424b-9868-57a2d4851a1d" />
  </TestEntries>
  <Results>
    <UnitTestResult executionId="90c81cee-e2f2-4e1c-a0f4-017f53ab174a" testId="2cb68de2-f8a9-4dda-ccb0-c18c97d404a9" testName="TestMethod1" computerName="PC127" duration="00:00:00.0787659" startTime="2013-07-01T13:01:53.0872910+07:00" endTime="2013-07-01T13:01:53.4733131+07:00" testType="13cdc9d9-ddb5-4fa4-a97d-d965ccfc6d4b" outcome="Passed" testListId="8c84fa94-04c1-424b-9868-57a2d4851a1d" relativeResultsDirectory="90c81cee-e2f2-4e1c-a0f4-017f53ab174a">
    </UnitTestResult>
    <UnitTestResult executionId="ddbf1575-3377-47c0-a5a2-b7032aa39160" testId="7fd026b9-71e7-5b7e-77af-75e9a2a69751" testName="TestMethod2" computerName="PC127" duration="00:00:00.0359996" startTime="2013-07-01T13:01:53.5073150+07:00" endTime="2013-07-01T13:01:53.5593180+07:00" testType="13cdc9d9-ddb5-4fa4-a97d-d965ccfc6d4b" outcome="Passed" testListId="8c84fa94-04c1-424b-9868-57a2d4851a1d" relativeResultsDirectory="ddbf1575-3377-47c0-a5a2-b7032aa39160">
    </UnitTestResult>
  </Results>
</TestRun>