<?xml version="1.0" encoding="UTF-8"?>
<TestRun id="d2b5e4c7-d336-4545-9a38-fd40c37763f4" name="Admin@PC127 2013-07-01 15:14:14" runUser="pc127\Admin" xmlns="http://microsoft.com/schemas/VisualStudio/TeamTest/2010">
  <TestSettings name="Локальные" id="0307d9ab-2183-4378-b68a-427592b18606">
    <Description>Это - параметры по умолчанию для локального тестового запуска.</Description>
    <Deployment enabled="false" runDeploymentRoot="Admin_PC127 2013-07-01 15_14_14">
      <DeploymentItem filename="C:\Users\Admin\Documents\GitHub\Calculate\graphrez\bin\Debug\graphrez.exe" />
    </Deployment>
    <Execution>
      <TestTypeSpecific />
      <AgentRule name="Execution Agents">
      </AgentRule>
    </Execution>
  </TestSettings>
  <Times creation="2013-07-01T15:14:14.1212662+07:00" queuing="2013-07-01T15:14:15.6643544+07:00" start="2013-07-01T15:14:15.8403645+07:00" finish="2013-07-01T15:14:17.5314612+07:00" />
  <ResultSummary outcome="Completed">
    <Counters total="1" executed="1" passed="1" error="0" failed="0" timeout="0" aborted="0" inconclusive="0" passedButRunAborted="0" notRunnable="0" notExecuted="0" disconnected="0" warning="0" completed="0" inProgress="0" pending="0" />
  </ResultSummary>
  <TestDefinitions>
    <UnitTest name="TestInt" storage="c:\users\admin\documents\github\calculate\testggraphrez\bin\debug\testggraphrez.dll" id="b5fd0e53-900f-4e15-b75b-4439a1c204fe">
      <Execution id="2c4cf1d7-5e03-4676-b61c-6edf274b771f" />
      <TestMethod codeBase="C:/Users/Admin/Documents/GitHub/Calculate/TestgGraphrez/bin/Debug/TestgGraphrez.DLL" adapterTypeName="Microsoft.VisualStudio.TestTools.TestTypes.Unit.UnitTestAdapter, Microsoft.VisualStudio.QualityTools.Tips.UnitTest.Adapter, Version=10.0.0.0, Culture=neutral, PublicKeyToken=b03f5f7f11d50a3a" className="TestgGraphrez.Logarifm10Test, TestgGraphrez, Version=1.0.0.0, Culture=neutral, PublicKeyToken=null" name="TestInt" />
    </UnitTest>
  </TestDefinitions>
  <TestLists>
    <TestList name="Отсутствующие в списке результаты" id="8c84fa94-04c1-424b-9868-57a2d4851a1d" />
    <TestList name="Все загруженные результаты" id="19431567-8539-422a-85d7-44ee4e166bda" />
  </TestLists>
  <TestEntries>
    <TestEntry testId="b5fd0e53-900f-4e15-b75b-4439a1c204fe" executionId="2c4cf1d7-5e03-4676-b61c-6edf274b771f" testListId="8c84fa94-04c1-424b-9868-57a2d4851a1d" />
  </TestEntries>
  <Results>
    <UnitTestResult executionId="2c4cf1d7-5e03-4676-b61c-6edf274b771f" testId="b5fd0e53-900f-4e15-b75b-4439a1c204fe" testName="TestInt" computerName="PC127" duration="00:00:00.0406735" startTime="2013-07-01T15:14:16.0183747+07:00" endTime="2013-07-01T15:14:17.2644460+07:00" testType="13cdc9d9-ddb5-4fa4-a97d-d965ccfc6d4b" outcome="Passed" testListId="8c84fa94-04c1-424b-9868-57a2d4851a1d" relativeResultsDirectory="2c4cf1d7-5e03-4676-b61c-6edf274b771f">
    </UnitTestResult>
  </Results>
</TestRun>