<?xml version="1.0" encoding="UTF-8"?>
<TestRun id="7b653370-34a9-4ec5-8ee0-7c34278658da" name="Александр@ALEXANDR 2013-07-01 20:29:02" runUser="ALEXANDR\Александр" xmlns="http://microsoft.com/schemas/VisualStudio/TeamTest/2010">
  <TestSettings name="Локальные" id="0307d9ab-2183-4378-b68a-427592b18606">
    <Description>Это - параметры по умолчанию для локального тестового запуска.</Description>
    <Deployment enabled="false" runDeploymentRoot="Александр_ALEXANDR 2013-07-01 20_29_02">
      <DeploymentItem filename="C:\Users\Александр\Documents\GitHub\Calculate\graphrez\bin\Debug\graphrez.exe" />
    </Deployment>
    <Execution>
      <TestTypeSpecific />
      <AgentRule name="Execution Agents">
      </AgentRule>
    </Execution>
  </TestSettings>
  <Times creation="2013-07-01T20:29:02.7441096+06:00" queuing="2013-07-01T20:29:02.7791116+06:00" start="2013-07-01T20:29:02.7901122+06:00" finish="2013-07-01T20:29:03.4171481+06:00" />
  <ResultSummary outcome="Completed">
    <Counters total="15" executed="15" passed="15" error="0" failed="0" timeout="0" aborted="0" inconclusive="0" passedButRunAborted="0" notRunnable="0" notExecuted="0" disconnected="0" warning="0" completed="0" inProgress="0" pending="0" />
  </ResultSummary>
  <TestDefinitions>
    <UnitTest name="TestInt" storage="c:\users\александр\documents\github\calculate\testggraphrez\bin\debug\testggraphrez.dll" id="04443e7f-f9b7-21a8-cf7e-0b125466d972">
      <Execution id="f1551913-6f8a-44f7-9a07-94e5b5e9fee7" />
      <TestMethod codeBase="C:/Users/Александр/Documents/GitHub/Calculate/TestgGraphrez/bin/Debug/TestgGraphrez.DLL" adapterTypeName="Microsoft.VisualStudio.TestTools.TestTypes.Unit.UnitTestAdapter, Microsoft.VisualStudio.QualityTools.Tips.UnitTest.Adapter, Version=10.0.0.0, Culture=neutral, PublicKeyToken=b03f5f7f11d50a3a" className="TestgGraphrez.AdditionTest, TestgGraphrez, Version=1.0.0.0, Culture=neutral, PublicKeyToken=null" name="TestInt" />
    </UnitTest>
    <UnitTest name="TestInt" storage="c:\users\александр\documents\github\calculate\testggraphrez\bin\debug\testggraphrez.dll" id="b5fd0e53-900f-4e15-b75b-4439a1c204fe">
      <Execution id="8994f941-9b7c-4978-9995-1c1215ba06d5" />
      <TestMethod codeBase="C:/Users/Александр/Documents/GitHub/Calculate/TestgGraphrez/bin/Debug/TestgGraphrez.DLL" adapterTypeName="Microsoft.VisualStudio.TestTools.TestTypes.Unit.UnitTestAdapter, Microsoft.VisualStudio.QualityTools.Tips.UnitTest.Adapter, Version=10.0.0.0, Culture=neutral, PublicKeyToken=b03f5f7f11d50a3a" className="TestgGraphrez.Logarifm10Test, TestgGraphrez, Version=1.0.0.0, Culture=neutral, PublicKeyToken=null" name="TestInt" />
    </UnitTest>
    <UnitTest name="TestInt" storage="c:\users\александр\documents\github\calculate\testggraphrez\bin\debug\testggraphrez.dll" id="09635c2f-01be-8110-88f1-540c063de1a7">
      <Execution id="60397368-f4e8-409b-8d4f-a779982f3605" />
      <TestMethod codeBase="C:/Users/Александр/Documents/GitHub/Calculate/TestgGraphrez/bin/Debug/TestgGraphrez.DLL" adapterTypeName="Microsoft.VisualStudio.TestTools.TestTypes.Unit.UnitTestAdapter, Microsoft.VisualStudio.QualityTools.Tips.UnitTest.Adapter, Version=10.0.0.0, Culture=neutral, PublicKeyToken=b03f5f7f11d50a3a" className="TestgGraphrez.FactorialTest, TestgGraphrez, Version=1.0.0.0, Culture=neutral, PublicKeyToken=null" name="TestInt" />
    </UnitTest>
    <UnitTest name="TestInt" storage="c:\users\александр\documents\github\calculate\testggraphrez\bin\debug\testggraphrez.dll" id="9ba4104d-6776-4fd7-c85b-0c0c2193a59a">
      <Execution id="f413f623-bf39-4586-aad6-c315074ab10d" />
      <TestMethod codeBase="C:/Users/Александр/Documents/GitHub/Calculate/TestgGraphrez/bin/Debug/TestgGraphrez.DLL" adapterTypeName="Microsoft.VisualStudio.TestTools.TestTypes.Unit.UnitTestAdapter, Microsoft.VisualStudio.QualityTools.Tips.UnitTest.Adapter, Version=10.0.0.0, Culture=neutral, PublicKeyToken=b03f5f7f11d50a3a" className="TestgGraphrez.NaturalLogarifmTest, TestgGraphrez, Version=1.0.0.0, Culture=neutral, PublicKeyToken=null" name="TestInt" />
    </UnitTest>
    <UnitTest name="TestInt" storage="c:\users\александр\documents\github\calculate\testggraphrez\bin\debug\testggraphrez.dll" id="20fd104c-c5d0-78c6-4469-6f5fac7f20d2">
      <Execution id="6c5cb255-bc15-47f6-bff2-78835e1f4d01" />
      <TestMethod codeBase="C:/Users/Александр/Documents/GitHub/Calculate/TestgGraphrez/bin/Debug/TestgGraphrez.DLL" adapterTypeName="Microsoft.VisualStudio.TestTools.TestTypes.Unit.UnitTestAdapter, Microsoft.VisualStudio.QualityTools.Tips.UnitTest.Adapter, Version=10.0.0.0, Culture=neutral, PublicKeyToken=b03f5f7f11d50a3a" className="TestgGraphrez.DivisionTest, TestgGraphrez, Version=1.0.0.0, Culture=neutral, PublicKeyToken=null" name="TestInt" />
    </UnitTest>
    <UnitTest name="DoubleTestTest" storage="c:\users\александр\documents\github\calculate\testggraphrez\bin\debug\testggraphrez.dll" id="d1237ce2-a25b-3127-4572-a28fb21bc84d">
      <Execution id="7d6597a4-045e-4455-8297-853c5e67bd19" />
      <TestMethod codeBase="C:/Users/Александр/Documents/GitHub/Calculate/TestgGraphrez/bin/Debug/TestgGraphrez.DLL" adapterTypeName="Microsoft.VisualStudio.TestTools.TestTypes.Unit.UnitTestAdapter, Microsoft.VisualStudio.QualityTools.Tips.UnitTest.Adapter, Version=10.0.0.0, Culture=neutral, PublicKeyToken=b03f5f7f11d50a3a" className="TestgGraphrez.SinTest, TestgGraphrez, Version=1.0.0.0, Culture=neutral, PublicKeyToken=null" name="DoubleTestTest" />
    </UnitTest>
    <UnitTest name="TestInt" storage="c:\users\александр\documents\github\calculate\testggraphrez\bin\debug\testggraphrez.dll" id="8354419e-6c45-5fcf-3878-1a1904429f7a">
      <Execution id="d9ed37db-dfbd-47bc-a20d-a26f62b7e6d6" />
      <TestMethod codeBase="C:/Users/Александр/Documents/GitHub/Calculate/TestgGraphrez/bin/Debug/TestgGraphrez.DLL" adapterTypeName="Microsoft.VisualStudio.TestTools.TestTypes.Unit.UnitTestAdapter, Microsoft.VisualStudio.QualityTools.Tips.UnitTest.Adapter, Version=10.0.0.0, Culture=neutral, PublicKeyToken=b03f5f7f11d50a3a" className="TestgGraphrez.LogyTest, TestgGraphrez, Version=1.0.0.0, Culture=neutral, PublicKeyToken=null" name="TestInt" />
    </UnitTest>
    <UnitTest name="TestInt" storage="c:\users\александр\documents\github\calculate\testggraphrez\bin\debug\testggraphrez.dll" id="0a28b335-9118-2e90-fc31-af7a9e18fd90">
      <Execution id="f635fb33-2b1c-4587-bfa4-a5ab1f3bf833" />
      <TestMethod codeBase="C:/Users/Александр/Documents/GitHub/Calculate/TestgGraphrez/bin/Debug/TestgGraphrez.DLL" adapterTypeName="Microsoft.VisualStudio.TestTools.TestTypes.Unit.UnitTestAdapter, Microsoft.VisualStudio.QualityTools.Tips.UnitTest.Adapter, Version=10.0.0.0, Culture=neutral, PublicKeyToken=b03f5f7f11d50a3a" className="TestgGraphrez.SubstractionTest, TestgGraphrez, Version=1.0.0.0, Culture=neutral, PublicKeyToken=null" name="TestInt" />
    </UnitTest>
    <UnitTest name="TestDouble" storage="c:\users\александр\documents\github\calculate\testggraphrez\bin\debug\testggraphrez.dll" id="a76ef35d-fdf0-f6cc-0e27-623b73fc6140">
      <Execution id="3685272c-6dca-4ca0-825e-a8389da029e4" />
      <TestMethod codeBase="C:/Users/Александр/Documents/GitHub/Calculate/TestgGraphrez/bin/Debug/TestgGraphrez.DLL" adapterTypeName="Microsoft.VisualStudio.TestTools.TestTypes.Unit.UnitTestAdapter, Microsoft.VisualStudio.QualityTools.Tips.UnitTest.Adapter, Version=10.0.0.0, Culture=neutral, PublicKeyToken=b03f5f7f11d50a3a" className="TestgGraphrez.SubstractionTest, TestgGraphrez, Version=1.0.0.0, Culture=neutral, PublicKeyToken=null" name="TestDouble" />
    </UnitTest>
    <UnitTest name="TestDooble" storage="c:\users\александр\documents\github\calculate\testggraphrez\bin\debug\testggraphrez.dll" id="bbe9b431-e740-0447-28f5-5e07af1a265f">
      <Execution id="af5e0e54-a28f-46cd-b2f4-ebde4c996051" />
      <TestMethod codeBase="C:/Users/Александр/Documents/GitHub/Calculate/TestgGraphrez/bin/Debug/TestgGraphrez.DLL" adapterTypeName="Microsoft.VisualStudio.TestTools.TestTypes.Unit.UnitTestAdapter, Microsoft.VisualStudio.QualityTools.Tips.UnitTest.Adapter, Version=10.0.0.0, Culture=neutral, PublicKeyToken=b03f5f7f11d50a3a" className="TestgGraphrez.AdditionTest, TestgGraphrez, Version=1.0.0.0, Culture=neutral, PublicKeyToken=null" name="TestDooble" />
    </UnitTest>
    <UnitTest name="TestInt" storage="c:\users\александр\documents\github\calculate\testggraphrez\bin\debug\testggraphrez.dll" id="84a07e41-a0fd-da03-d6de-5dc8bbf0a4a7">
      <Execution id="351160b1-f3a7-4441-a307-94cc6daf246e" />
      <TestMethod codeBase="C:/Users/Александр/Documents/GitHub/Calculate/TestgGraphrez/bin/Debug/TestgGraphrez.DLL" adapterTypeName="Microsoft.VisualStudio.TestTools.TestTypes.Unit.UnitTestAdapter, Microsoft.VisualStudio.QualityTools.Tips.UnitTest.Adapter, Version=10.0.0.0, Culture=neutral, PublicKeyToken=b03f5f7f11d50a3a" className="TestgGraphrez.Loogarifm2Test, TestgGraphrez, Version=1.0.0.0, Culture=neutral, PublicKeyToken=null" name="TestInt" />
    </UnitTest>
    <UnitTest name="TestDouble" storage="c:\users\александр\documents\github\calculate\testggraphrez\bin\debug\testggraphrez.dll" id="e81f30b4-104f-eacc-f336-6fe40962c615">
      <Execution id="655c133d-e0e8-4f4a-aaee-b9c9c8de5731" />
      <TestMethod codeBase="C:/Users/Александр/Documents/GitHub/Calculate/TestgGraphrez/bin/Debug/TestgGraphrez.DLL" adapterTypeName="Microsoft.VisualStudio.TestTools.TestTypes.Unit.UnitTestAdapter, Microsoft.VisualStudio.QualityTools.Tips.UnitTest.Adapter, Version=10.0.0.0, Culture=neutral, PublicKeyToken=b03f5f7f11d50a3a" className="TestgGraphrez.NaturalLogarifmTest, TestgGraphrez, Version=1.0.0.0, Culture=neutral, PublicKeyToken=null" name="TestDouble" />
    </UnitTest>
    <UnitTest name="TestFloat" storage="c:\users\александр\documents\github\calculate\testggraphrez\bin\debug\testggraphrez.dll" id="2da0da56-edcd-1076-a340-0dc90ca1d00a">
      <Execution id="9652376f-533b-44a8-8d5b-90d146b5eec1" />
      <TestMethod codeBase="C:/Users/Александр/Documents/GitHub/Calculate/TestgGraphrez/bin/Debug/TestgGraphrez.DLL" adapterTypeName="Microsoft.VisualStudio.TestTools.TestTypes.Unit.UnitTestAdapter, Microsoft.VisualStudio.QualityTools.Tips.UnitTest.Adapter, Version=10.0.0.0, Culture=neutral, PublicKeyToken=b03f5f7f11d50a3a" className="TestgGraphrez.DivisionTest, TestgGraphrez, Version=1.0.0.0, Culture=neutral, PublicKeyToken=null" name="TestFloat" />
    </UnitTest>
    <UnitTest name="Testdooble" storage="c:\users\александр\documents\github\calculate\testggraphrez\bin\debug\testggraphrez.dll" id="8c874cdf-5c70-2c1b-54b3-d6e3235222b0">
      <Execution id="ca440573-2667-4976-8062-1a6f91820ed1" />
      <TestMethod codeBase="C:/Users/Александр/Documents/GitHub/Calculate/TestgGraphrez/bin/Debug/TestgGraphrez.DLL" adapterTypeName="Microsoft.VisualStudio.TestTools.TestTypes.Unit.UnitTestAdapter, Microsoft.VisualStudio.QualityTools.Tips.UnitTest.Adapter, Version=10.0.0.0, Culture=neutral, PublicKeyToken=b03f5f7f11d50a3a" className="TestgGraphrez.ExpTest, TestgGraphrez, Version=1.0.0.0, Culture=neutral, PublicKeyToken=null" name="Testdooble" />
    </UnitTest>
    <UnitTest name="DoubleTest" storage="c:\users\александр\documents\github\calculate\testggraphrez\bin\debug\testggraphrez.dll" id="9b762fcf-dbcb-6bd7-966a-88357f11028f">
      <Execution id="a215f6d5-66bb-4191-bb59-07d9eff59351" />
      <TestMethod codeBase="C:/Users/Александр/Documents/GitHub/Calculate/TestgGraphrez/bin/Debug/TestgGraphrez.DLL" adapterTypeName="Microsoft.VisualStudio.TestTools.TestTypes.Unit.UnitTestAdapter, Microsoft.VisualStudio.QualityTools.Tips.UnitTest.Adapter, Version=10.0.0.0, Culture=neutral, PublicKeyToken=b03f5f7f11d50a3a" className="TestgGraphrez.AsinTest, TestgGraphrez, Version=1.0.0.0, Culture=neutral, PublicKeyToken=null" name="DoubleTest" />
    </UnitTest>
  </TestDefinitions>
  <TestLists>
    <TestList name="Отсутствующие в списке результаты" id="8c84fa94-04c1-424b-9868-57a2d4851a1d" />
    <TestList name="Все загруженные результаты" id="19431567-8539-422a-85d7-44ee4e166bda" />
  </TestLists>
  <TestEntries>
    <TestEntry testId="04443e7f-f9b7-21a8-cf7e-0b125466d972" executionId="f1551913-6f8a-44f7-9a07-94e5b5e9fee7" testListId="8c84fa94-04c1-424b-9868-57a2d4851a1d" />
    <TestEntry testId="09635c2f-01be-8110-88f1-540c063de1a7" executionId="60397368-f4e8-409b-8d4f-a779982f3605" testListId="8c84fa94-04c1-424b-9868-57a2d4851a1d" />
    <TestEntry testId="0a28b335-9118-2e90-fc31-af7a9e18fd90" executionId="f635fb33-2b1c-4587-bfa4-a5ab1f3bf833" testListId="8c84fa94-04c1-424b-9868-57a2d4851a1d" />
    <TestEntry testId="20fd104c-c5d0-78c6-4469-6f5fac7f20d2" executionId="6c5cb255-bc15-47f6-bff2-78835e1f4d01" testListId="8c84fa94-04c1-424b-9868-57a2d4851a1d" />
    <TestEntry testId="2da0da56-edcd-1076-a340-0dc90ca1d00a" executionId="9652376f-533b-44a8-8d5b-90d146b5eec1" testListId="8c84fa94-04c1-424b-9868-57a2d4851a1d" />
    <TestEntry testId="8354419e-6c45-5fcf-3878-1a1904429f7a" executionId="d9ed37db-dfbd-47bc-a20d-a26f62b7e6d6" testListId="8c84fa94-04c1-424b-9868-57a2d4851a1d" />
    <TestEntry testId="84a07e41-a0fd-da03-d6de-5dc8bbf0a4a7" executionId="351160b1-f3a7-4441-a307-94cc6daf246e" testListId="8c84fa94-04c1-424b-9868-57a2d4851a1d" />
    <TestEntry testId="8c874cdf-5c70-2c1b-54b3-d6e3235222b0" executionId="ca440573-2667-4976-8062-1a6f91820ed1" testListId="8c84fa94-04c1-424b-9868-57a2d4851a1d" />
    <TestEntry testId="9b762fcf-dbcb-6bd7-966a-88357f11028f" executionId="a215f6d5-66bb-4191-bb59-07d9eff59351" testListId="8c84fa94-04c1-424b-9868-57a2d4851a1d" />
    <TestEntry testId="9ba4104d-6776-4fd7-c85b-0c0c2193a59a" executionId="f413f623-bf39-4586-aad6-c315074ab10d" testListId="8c84fa94-04c1-424b-9868-57a2d4851a1d" />
    <TestEntry testId="a76ef35d-fdf0-f6cc-0e27-623b73fc6140" executionId="3685272c-6dca-4ca0-825e-a8389da029e4" testListId="8c84fa94-04c1-424b-9868-57a2d4851a1d" />
    <TestEntry testId="b5fd0e53-900f-4e15-b75b-4439a1c204fe" executionId="8994f941-9b7c-4978-9995-1c1215ba06d5" testListId="8c84fa94-04c1-424b-9868-57a2d4851a1d" />
    <TestEntry testId="bbe9b431-e740-0447-28f5-5e07af1a265f" executionId="af5e0e54-a28f-46cd-b2f4-ebde4c996051" testListId="8c84fa94-04c1-424b-9868-57a2d4851a1d" />
    <TestEntry testId="d1237ce2-a25b-3127-4572-a28fb21bc84d" executionId="7d6597a4-045e-4455-8297-853c5e67bd19" testListId="8c84fa94-04c1-424b-9868-57a2d4851a1d" />
    <TestEntry testId="e81f30b4-104f-eacc-f336-6fe40962c615" executionId="655c133d-e0e8-4f4a-aaee-b9c9c8de5731" testListId="8c84fa94-04c1-424b-9868-57a2d4851a1d" />
  </TestEntries>
  <Results>
    <UnitTestResult executionId="f1551913-6f8a-44f7-9a07-94e5b5e9fee7" testId="04443e7f-f9b7-21a8-cf7e-0b125466d972" testName="TestInt" computerName="ALEXANDR" duration="00:00:00.0259597" startTime="2013-07-01T20:29:02.8121135+06:00" endTime="2013-07-01T20:29:03.1961355+06:00" testType="13cdc9d9-ddb5-4fa4-a97d-d965ccfc6d4b" outcome="Passed" testListId="8c84fa94-04c1-424b-9868-57a2d4851a1d" relativeResultsDirectory="f1551913-6f8a-44f7-9a07-94e5b5e9fee7">
    </UnitTestResult>
    <UnitTestResult executionId="60397368-f4e8-409b-8d4f-a779982f3605" testId="09635c2f-01be-8110-88f1-540c063de1a7" testName="TestInt" computerName="ALEXANDR" duration="00:00:00.0007130" startTime="2013-07-01T20:29:03.2001357+06:00" endTime="2013-07-01T20:29:03.2101363+06:00" testType="13cdc9d9-ddb5-4fa4-a97d-d965ccfc6d4b" outcome="Passed" testListId="8c84fa94-04c1-424b-9868-57a2d4851a1d" relativeResultsDirectory="60397368-f4e8-409b-8d4f-a779982f3605">
    </UnitTestResult>
    <UnitTestResult executionId="f635fb33-2b1c-4587-bfa4-a5ab1f3bf833" testId="0a28b335-9118-2e90-fc31-af7a9e18fd90" testName="TestInt" computerName="ALEXANDR" duration="00:00:00.0005687" startTime="2013-07-01T20:29:03.2141365+06:00" endTime="2013-07-01T20:29:03.2221369+06:00" testType="13cdc9d9-ddb5-4fa4-a97d-d965ccfc6d4b" outcome="Passed" testListId="8c84fa94-04c1-424b-9868-57a2d4851a1d" relativeResultsDirectory="f635fb33-2b1c-4587-bfa4-a5ab1f3bf833">
    </UnitTestResult>
    <UnitTestResult executionId="6c5cb255-bc15-47f6-bff2-78835e1f4d01" testId="20fd104c-c5d0-78c6-4469-6f5fac7f20d2" testName="TestInt" computerName="ALEXANDR" duration="00:00:00.0005440" startTime="2013-07-01T20:29:03.2261372+06:00" endTime="2013-07-01T20:29:03.2371378+06:00" testType="13cdc9d9-ddb5-4fa4-a97d-d965ccfc6d4b" outcome="Passed" testListId="8c84fa94-04c1-424b-9868-57a2d4851a1d" relativeResultsDirectory="6c5cb255-bc15-47f6-bff2-78835e1f4d01">
    </UnitTestResult>
    <UnitTestResult executionId="9652376f-533b-44a8-8d5b-90d146b5eec1" testId="2da0da56-edcd-1076-a340-0dc90ca1d00a" testName="TestFloat" computerName="ALEXANDR" duration="00:00:00.0002736" startTime="2013-07-01T20:29:03.2411380+06:00" endTime="2013-07-01T20:29:03.2471384+06:00" testType="13cdc9d9-ddb5-4fa4-a97d-d965ccfc6d4b" outcome="Passed" testListId="8c84fa94-04c1-424b-9868-57a2d4851a1d" relativeResultsDirectory="9652376f-533b-44a8-8d5b-90d146b5eec1">
    </UnitTestResult>
    <UnitTestResult executionId="d9ed37db-dfbd-47bc-a20d-a26f62b7e6d6" testId="8354419e-6c45-5fcf-3878-1a1904429f7a" testName="TestInt" computerName="ALEXANDR" duration="00:00:00.0009248" startTime="2013-07-01T20:29:03.2541388+06:00" endTime="2013-07-01T20:29:03.2661395+06:00" testType="13cdc9d9-ddb5-4fa4-a97d-d965ccfc6d4b" outcome="Passed" testListId="8c84fa94-04c1-424b-9868-57a2d4851a1d" relativeResultsDirectory="d9ed37db-dfbd-47bc-a20d-a26f62b7e6d6">
    </UnitTestResult>
    <UnitTestResult executionId="351160b1-f3a7-4441-a307-94cc6daf246e" testId="84a07e41-a0fd-da03-d6de-5dc8bbf0a4a7" testName="TestInt" computerName="ALEXANDR" duration="00:00:00.0006306" startTime="2013-07-01T20:29:03.2711397+06:00" endTime="2013-07-01T20:29:03.2831404+06:00" testType="13cdc9d9-ddb5-4fa4-a97d-d965ccfc6d4b" outcome="Passed" testListId="8c84fa94-04c1-424b-9868-57a2d4851a1d" relativeResultsDirectory="351160b1-f3a7-4441-a307-94cc6daf246e">
    </UnitTestResult>
    <UnitTestResult executionId="ca440573-2667-4976-8062-1a6f91820ed1" testId="8c874cdf-5c70-2c1b-54b3-d6e3235222b0" testName="Testdooble" computerName="ALEXANDR" duration="00:00:00.0009415" startTime="2013-07-01T20:29:03.2891408+06:00" endTime="2013-07-01T20:29:03.3031416+06:00" testType="13cdc9d9-ddb5-4fa4-a97d-d965ccfc6d4b" outcome="Passed" testListId="8c84fa94-04c1-424b-9868-57a2d4851a1d" relativeResultsDirectory="ca440573-2667-4976-8062-1a6f91820ed1">
    </UnitTestResult>
    <UnitTestResult executionId="a215f6d5-66bb-4191-bb59-07d9eff59351" testId="9b762fcf-dbcb-6bd7-966a-88357f11028f" testName="DoubleTest" computerName="ALEXANDR" duration="00:00:00.0006590" startTime="2013-07-01T20:29:03.3061417+06:00" endTime="2013-07-01T20:29:03.3151423+06:00" testType="13cdc9d9-ddb5-4fa4-a97d-d965ccfc6d4b" outcome="Passed" testListId="8c84fa94-04c1-424b-9868-57a2d4851a1d" relativeResultsDirectory="a215f6d5-66bb-4191-bb59-07d9eff59351">
    </UnitTestResult>
    <UnitTestResult executionId="f413f623-bf39-4586-aad6-c315074ab10d" testId="9ba4104d-6776-4fd7-c85b-0c0c2193a59a" testName="TestInt" computerName="ALEXANDR" duration="00:00:00.0005561" startTime="2013-07-01T20:29:03.3211426+06:00" endTime="2013-07-01T20:29:03.3291431+06:00" testType="13cdc9d9-ddb5-4fa4-a97d-d965ccfc6d4b" outcome="Passed" testListId="8c84fa94-04c1-424b-9868-57a2d4851a1d" relativeResultsDirectory="f413f623-bf39-4586-aad6-c315074ab10d">
    </UnitTestResult>
    <UnitTestResult executionId="3685272c-6dca-4ca0-825e-a8389da029e4" testId="a76ef35d-fdf0-f6cc-0e27-623b73fc6140" testName="TestDouble" computerName="ALEXANDR" duration="00:00:00.0002639" startTime="2013-07-01T20:29:03.3351434+06:00" endTime="2013-07-01T20:29:03.3411437+06:00" testType="13cdc9d9-ddb5-4fa4-a97d-d965ccfc6d4b" outcome="Passed" testListId="8c84fa94-04c1-424b-9868-57a2d4851a1d" relativeResultsDirectory="3685272c-6dca-4ca0-825e-a8389da029e4">
    </UnitTestResult>
    <UnitTestResult executionId="8994f941-9b7c-4978-9995-1c1215ba06d5" testId="b5fd0e53-900f-4e15-b75b-4439a1c204fe" testName="TestInt" computerName="ALEXANDR" duration="00:00:00.0005399" startTime="2013-07-01T20:29:03.3441439+06:00" endTime="2013-07-01T20:29:03.3521444+06:00" testType="13cdc9d9-ddb5-4fa4-a97d-d965ccfc6d4b" outcome="Passed" testListId="8c84fa94-04c1-424b-9868-57a2d4851a1d" relativeResultsDirectory="8994f941-9b7c-4978-9995-1c1215ba06d5">
    </UnitTestResult>
    <UnitTestResult executionId="af5e0e54-a28f-46cd-b2f4-ebde4c996051" testId="bbe9b431-e740-0447-28f5-5e07af1a265f" testName="TestDooble" computerName="ALEXANDR" duration="00:00:00.0002732" startTime="2013-07-01T20:29:03.3561446+06:00" endTime="2013-07-01T20:29:03.3651451+06:00" testType="13cdc9d9-ddb5-4fa4-a97d-d965ccfc6d4b" outcome="Passed" testListId="8c84fa94-04c1-424b-9868-57a2d4851a1d" relativeResultsDirectory="af5e0e54-a28f-46cd-b2f4-ebde4c996051">
    </UnitTestResult>
    <UnitTestResult executionId="7d6597a4-045e-4455-8297-853c5e67bd19" testId="d1237ce2-a25b-3127-4572-a28fb21bc84d" testName="DoubleTestTest" computerName="ALEXANDR" duration="00:00:00.0007754" startTime="2013-07-01T20:29:03.3691453+06:00" endTime="2013-07-01T20:29:03.3761457+06:00" testType="13cdc9d9-ddb5-4fa4-a97d-d965ccfc6d4b" outcome="Passed" testListId="8c84fa94-04c1-424b-9868-57a2d4851a1d" relativeResultsDirectory="7d6597a4-045e-4455-8297-853c5e67bd19">
    </UnitTestResult>
    <UnitTestResult executionId="655c133d-e0e8-4f4a-aaee-b9c9c8de5731" testId="e81f30b4-104f-eacc-f336-6fe40962c615" testName="TestDouble" computerName="ALEXANDR" duration="00:00:00.0002606" startTime="2013-07-01T20:29:03.3791459+06:00" endTime="2013-07-01T20:29:03.3881464+06:00" testType="13cdc9d9-ddb5-4fa4-a97d-d965ccfc6d4b" outcome="Passed" testListId="8c84fa94-04c1-424b-9868-57a2d4851a1d" relativeResultsDirectory="655c133d-e0e8-4f4a-aaee-b9c9c8de5731">
    </UnitTestResult>
  </Results>
</TestRun>