<?xml version="1.0" encoding="UTF-8"?>
<TestRun id="46aafce2-7bee-45cd-8157-5218d900673d" name="Александр@ALEXANDR 2013-07-01 20:47:53" runUser="ALEXANDR\Александр" xmlns="http://microsoft.com/schemas/VisualStudio/TeamTest/2010">
  <TestSettings name="Локальные" id="0307d9ab-2183-4378-b68a-427592b18606">
    <Description>Это - параметры по умолчанию для локального тестового запуска.</Description>
    <Deployment enabled="false" runDeploymentRoot="Александр_ALEXANDR 2013-07-01 20_47_53">
      <DeploymentItem filename="C:\Users\Александр\Documents\GitHub\Calculate\graphrez\bin\Debug\graphrez.exe" />
    </Deployment>
    <Execution>
      <TestTypeSpecific />
      <AgentRule name="Execution Agents">
      </AgentRule>
    </Execution>
  </TestSettings>
  <Times creation="2013-07-01T20:47:53.8058026+06:00" queuing="2013-07-01T20:47:53.8208035+06:00" start="2013-07-01T20:47:53.8518053+06:00" finish="2013-07-01T20:47:54.5888474+06:00" />
  <ResultSummary outcome="Completed">
    <Counters total="19" executed="19" passed="19" error="0" failed="0" timeout="0" aborted="0" inconclusive="0" passedButRunAborted="0" notRunnable="0" notExecuted="0" disconnected="0" warning="0" completed="0" inProgress="0" pending="0" />
  </ResultSummary>
  <TestDefinitions>
    <UnitTest name="TestInt" storage="c:\users\александр\documents\github\calculate\testggraphrez\bin\debug\testggraphrez.dll" id="04443e7f-f9b7-21a8-cf7e-0b125466d972">
      <Execution id="8994e5dd-774b-42f7-b030-be8c8fad1224" />
      <TestMethod codeBase="C:/Users/Александр/Documents/GitHub/Calculate/TestgGraphrez/bin/Debug/TestgGraphrez.DLL" adapterTypeName="Microsoft.VisualStudio.TestTools.TestTypes.Unit.UnitTestAdapter, Microsoft.VisualStudio.QualityTools.Tips.UnitTest.Adapter, Version=10.0.0.0, Culture=neutral, PublicKeyToken=b03f5f7f11d50a3a" className="TestgGraphrez.AdditionTest, TestgGraphrez, Version=1.0.0.0, Culture=neutral, PublicKeyToken=null" name="TestInt" />
    </UnitTest>
    <UnitTest name="DoubleTest" storage="c:\users\александр\documents\github\calculate\testggraphrez\bin\debug\testggraphrez.dll" id="90a2db44-97d9-500b-573c-542932c97e50">
      <Execution id="422fc3e7-9774-4af5-8ab6-bdedeaf4cff4" />
      <TestMethod codeBase="C:/Users/Александр/Documents/GitHub/Calculate/TestgGraphrez/bin/Debug/TestgGraphrez.DLL" adapterTypeName="Microsoft.VisualStudio.TestTools.TestTypes.Unit.UnitTestAdapter, Microsoft.VisualStudio.QualityTools.Tips.UnitTest.Adapter, Version=10.0.0.0, Culture=neutral, PublicKeyToken=b03f5f7f11d50a3a" className="TestgGraphrez.CosTest, TestgGraphrez, Version=1.0.0.0, Culture=neutral, PublicKeyToken=null" name="DoubleTest" />
    </UnitTest>
    <UnitTest name="TestInt" storage="c:\users\александр\documents\github\calculate\testggraphrez\bin\debug\testggraphrez.dll" id="b5fd0e53-900f-4e15-b75b-4439a1c204fe">
      <Execution id="2c24c38d-6937-4351-aa53-5b608f387e8e" />
      <TestMethod codeBase="C:/Users/Александр/Documents/GitHub/Calculate/TestgGraphrez/bin/Debug/TestgGraphrez.DLL" adapterTypeName="Microsoft.VisualStudio.TestTools.TestTypes.Unit.UnitTestAdapter, Microsoft.VisualStudio.QualityTools.Tips.UnitTest.Adapter, Version=10.0.0.0, Culture=neutral, PublicKeyToken=b03f5f7f11d50a3a" className="TestgGraphrez.Logarifm10Test, TestgGraphrez, Version=1.0.0.0, Culture=neutral, PublicKeyToken=null" name="TestInt" />
    </UnitTest>
    <UnitTest name="TestInt" storage="c:\users\александр\documents\github\calculate\testggraphrez\bin\debug\testggraphrez.dll" id="09635c2f-01be-8110-88f1-540c063de1a7">
      <Execution id="9a0b0ae4-c1f0-47fb-ae7a-4dacfe6e0730" />
      <TestMethod codeBase="C:/Users/Александр/Documents/GitHub/Calculate/TestgGraphrez/bin/Debug/TestgGraphrez.DLL" adapterTypeName="Microsoft.VisualStudio.TestTools.TestTypes.Unit.UnitTestAdapter, Microsoft.VisualStudio.QualityTools.Tips.UnitTest.Adapter, Version=10.0.0.0, Culture=neutral, PublicKeyToken=b03f5f7f11d50a3a" className="TestgGraphrez.FactorialTest, TestgGraphrez, Version=1.0.0.0, Culture=neutral, PublicKeyToken=null" name="TestInt" />
    </UnitTest>
    <UnitTest name="TestInt" storage="c:\users\александр\documents\github\calculate\testggraphrez\bin\debug\testggraphrez.dll" id="9ba4104d-6776-4fd7-c85b-0c0c2193a59a">
      <Execution id="22faedf7-e6da-42bd-ad0e-77d0754806f3" />
      <TestMethod codeBase="C:/Users/Александр/Documents/GitHub/Calculate/TestgGraphrez/bin/Debug/TestgGraphrez.DLL" adapterTypeName="Microsoft.VisualStudio.TestTools.TestTypes.Unit.UnitTestAdapter, Microsoft.VisualStudio.QualityTools.Tips.UnitTest.Adapter, Version=10.0.0.0, Culture=neutral, PublicKeyToken=b03f5f7f11d50a3a" className="TestgGraphrez.NaturalLogarifmTest, TestgGraphrez, Version=1.0.0.0, Culture=neutral, PublicKeyToken=null" name="TestInt" />
    </UnitTest>
    <UnitTest name="TestInt" storage="c:\users\александр\documents\github\calculate\testggraphrez\bin\debug\testggraphrez.dll" id="20fd104c-c5d0-78c6-4469-6f5fac7f20d2">
      <Execution id="703b3a6f-44e8-4037-92d6-06c48e9466df" />
      <TestMethod codeBase="C:/Users/Александр/Documents/GitHub/Calculate/TestgGraphrez/bin/Debug/TestgGraphrez.DLL" adapterTypeName="Microsoft.VisualStudio.TestTools.TestTypes.Unit.UnitTestAdapter, Microsoft.VisualStudio.QualityTools.Tips.UnitTest.Adapter, Version=10.0.0.0, Culture=neutral, PublicKeyToken=b03f5f7f11d50a3a" className="TestgGraphrez.DivisionTest, TestgGraphrez, Version=1.0.0.0, Culture=neutral, PublicKeyToken=null" name="TestInt" />
    </UnitTest>
    <UnitTest name="DoubleTestTest" storage="c:\users\александр\documents\github\calculate\testggraphrez\bin\debug\testggraphrez.dll" id="d1237ce2-a25b-3127-4572-a28fb21bc84d">
      <Execution id="74b06d67-5cf0-4dc2-a093-ab717bc8b222" />
      <TestMethod codeBase="C:/Users/Александр/Documents/GitHub/Calculate/TestgGraphrez/bin/Debug/TestgGraphrez.DLL" adapterTypeName="Microsoft.VisualStudio.TestTools.TestTypes.Unit.UnitTestAdapter, Microsoft.VisualStudio.QualityTools.Tips.UnitTest.Adapter, Version=10.0.0.0, Culture=neutral, PublicKeyToken=b03f5f7f11d50a3a" className="TestgGraphrez.SinTest, TestgGraphrez, Version=1.0.0.0, Culture=neutral, PublicKeyToken=null" name="DoubleTestTest" />
    </UnitTest>
    <UnitTest name="TestInt" storage="c:\users\александр\documents\github\calculate\testggraphrez\bin\debug\testggraphrez.dll" id="8354419e-6c45-5fcf-3878-1a1904429f7a">
      <Execution id="3a6b9a97-5de5-45c9-b778-6b892ba90f05" />
      <TestMethod codeBase="C:/Users/Александр/Documents/GitHub/Calculate/TestgGraphrez/bin/Debug/TestgGraphrez.DLL" adapterTypeName="Microsoft.VisualStudio.TestTools.TestTypes.Unit.UnitTestAdapter, Microsoft.VisualStudio.QualityTools.Tips.UnitTest.Adapter, Version=10.0.0.0, Culture=neutral, PublicKeyToken=b03f5f7f11d50a3a" className="TestgGraphrez.LogyTest, TestgGraphrez, Version=1.0.0.0, Culture=neutral, PublicKeyToken=null" name="TestInt" />
    </UnitTest>
    <UnitTest name="TestInt" storage="c:\users\александр\documents\github\calculate\testggraphrez\bin\debug\testggraphrez.dll" id="0a28b335-9118-2e90-fc31-af7a9e18fd90">
      <Execution id="7196dd89-2593-4b75-8766-69d93b2fd0b5" />
      <TestMethod codeBase="C:/Users/Александр/Documents/GitHub/Calculate/TestgGraphrez/bin/Debug/TestgGraphrez.DLL" adapterTypeName="Microsoft.VisualStudio.TestTools.TestTypes.Unit.UnitTestAdapter, Microsoft.VisualStudio.QualityTools.Tips.UnitTest.Adapter, Version=10.0.0.0, Culture=neutral, PublicKeyToken=b03f5f7f11d50a3a" className="TestgGraphrez.SubstractionTest, TestgGraphrez, Version=1.0.0.0, Culture=neutral, PublicKeyToken=null" name="TestInt" />
    </UnitTest>
    <UnitTest name="DoubleTest" storage="c:\users\александр\documents\github\calculate\testggraphrez\bin\debug\testggraphrez.dll" id="1e25855f-a24b-906b-3111-94da9146be20">
      <Execution id="4dedeba4-4874-4539-bb1d-d5b1a5d8de22" />
      <TestMethod codeBase="C:/Users/Александр/Documents/GitHub/Calculate/TestgGraphrez/bin/Debug/TestgGraphrez.DLL" adapterTypeName="Microsoft.VisualStudio.TestTools.TestTypes.Unit.UnitTestAdapter, Microsoft.VisualStudio.QualityTools.Tips.UnitTest.Adapter, Version=10.0.0.0, Culture=neutral, PublicKeyToken=b03f5f7f11d50a3a" className="TestgGraphrez.TgTest, TestgGraphrez, Version=1.0.0.0, Culture=neutral, PublicKeyToken=null" name="DoubleTest" />
    </UnitTest>
    <UnitTest name="DoubleTest" storage="c:\users\александр\documents\github\calculate\testggraphrez\bin\debug\testggraphrez.dll" id="9fdd6906-f56b-1058-a071-524a82b7a8ee">
      <Execution id="fecc6a3d-8fa6-4b0b-a6da-842fd852f57e" />
      <TestMethod codeBase="C:/Users/Александр/Documents/GitHub/Calculate/TestgGraphrez/bin/Debug/TestgGraphrez.DLL" adapterTypeName="Microsoft.VisualStudio.TestTools.TestTypes.Unit.UnitTestAdapter, Microsoft.VisualStudio.QualityTools.Tips.UnitTest.Adapter, Version=10.0.0.0, Culture=neutral, PublicKeyToken=b03f5f7f11d50a3a" className="TestgGraphrez.ACosTest, TestgGraphrez, Version=1.0.0.0, Culture=neutral, PublicKeyToken=null" name="DoubleTest" />
    </UnitTest>
    <UnitTest name="TestDooble" storage="c:\users\александр\documents\github\calculate\testggraphrez\bin\debug\testggraphrez.dll" id="bbe9b431-e740-0447-28f5-5e07af1a265f">
      <Execution id="132ecbf3-2871-48cc-8f10-42971ea68d1b" />
      <TestMethod codeBase="C:/Users/Александр/Documents/GitHub/Calculate/TestgGraphrez/bin/Debug/TestgGraphrez.DLL" adapterTypeName="Microsoft.VisualStudio.TestTools.TestTypes.Unit.UnitTestAdapter, Microsoft.VisualStudio.QualityTools.Tips.UnitTest.Adapter, Version=10.0.0.0, Culture=neutral, PublicKeyToken=b03f5f7f11d50a3a" className="TestgGraphrez.AdditionTest, TestgGraphrez, Version=1.0.0.0, Culture=neutral, PublicKeyToken=null" name="TestDooble" />
    </UnitTest>
    <UnitTest name="TestInt" storage="c:\users\александр\documents\github\calculate\testggraphrez\bin\debug\testggraphrez.dll" id="84a07e41-a0fd-da03-d6de-5dc8bbf0a4a7">
      <Execution id="62f97d5d-4877-429e-b798-0496faf432a8" />
      <TestMethod codeBase="C:/Users/Александр/Documents/GitHub/Calculate/TestgGraphrez/bin/Debug/TestgGraphrez.DLL" adapterTypeName="Microsoft.VisualStudio.TestTools.TestTypes.Unit.UnitTestAdapter, Microsoft.VisualStudio.QualityTools.Tips.UnitTest.Adapter, Version=10.0.0.0, Culture=neutral, PublicKeyToken=b03f5f7f11d50a3a" className="TestgGraphrez.Loogarifm2Test, TestgGraphrez, Version=1.0.0.0, Culture=neutral, PublicKeyToken=null" name="TestInt" />
    </UnitTest>
    <UnitTest name="TestDouble" storage="c:\users\александр\documents\github\calculate\testggraphrez\bin\debug\testggraphrez.dll" id="a76ef35d-fdf0-f6cc-0e27-623b73fc6140">
      <Execution id="5fd350c6-5af5-483c-9855-ad1db41a31a4" />
      <TestMethod codeBase="C:/Users/Александр/Documents/GitHub/Calculate/TestgGraphrez/bin/Debug/TestgGraphrez.DLL" adapterTypeName="Microsoft.VisualStudio.TestTools.TestTypes.Unit.UnitTestAdapter, Microsoft.VisualStudio.QualityTools.Tips.UnitTest.Adapter, Version=10.0.0.0, Culture=neutral, PublicKeyToken=b03f5f7f11d50a3a" className="TestgGraphrez.SubstractionTest, TestgGraphrez, Version=1.0.0.0, Culture=neutral, PublicKeyToken=null" name="TestDouble" />
    </UnitTest>
    <UnitTest name="DoubleTest" storage="c:\users\александр\documents\github\calculate\testggraphrez\bin\debug\testggraphrez.dll" id="98ce690e-b2e5-8bf7-e2ee-6802bc700e1c">
      <Execution id="21587dd4-c901-44cd-99b1-4ead22c511e8" />
      <TestMethod codeBase="C:/Users/Александр/Documents/GitHub/Calculate/TestgGraphrez/bin/Debug/TestgGraphrez.DLL" adapterTypeName="Microsoft.VisualStudio.TestTools.TestTypes.Unit.UnitTestAdapter, Microsoft.VisualStudio.QualityTools.Tips.UnitTest.Adapter, Version=10.0.0.0, Culture=neutral, PublicKeyToken=b03f5f7f11d50a3a" className="TestgGraphrez.AtgTest, TestgGraphrez, Version=1.0.0.0, Culture=neutral, PublicKeyToken=null" name="DoubleTest" />
    </UnitTest>
    <UnitTest name="TestDouble" storage="c:\users\александр\documents\github\calculate\testggraphrez\bin\debug\testggraphrez.dll" id="e81f30b4-104f-eacc-f336-6fe40962c615">
      <Execution id="468f9700-2d47-4f8e-8ec4-0bb09b59cba1" />
      <TestMethod codeBase="C:/Users/Александр/Documents/GitHub/Calculate/TestgGraphrez/bin/Debug/TestgGraphrez.DLL" adapterTypeName="Microsoft.VisualStudio.TestTools.TestTypes.Unit.UnitTestAdapter, Microsoft.VisualStudio.QualityTools.Tips.UnitTest.Adapter, Version=10.0.0.0, Culture=neutral, PublicKeyToken=b03f5f7f11d50a3a" className="TestgGraphrez.NaturalLogarifmTest, TestgGraphrez, Version=1.0.0.0, Culture=neutral, PublicKeyToken=null" name="TestDouble" />
    </UnitTest>
    <UnitTest name="TestFloat" storage="c:\users\александр\documents\github\calculate\testggraphrez\bin\debug\testggraphrez.dll" id="2da0da56-edcd-1076-a340-0dc90ca1d00a">
      <Execution id="8835713a-1358-45aa-84e4-a9ac7e1688e0" />
      <TestMethod codeBase="C:/Users/Александр/Documents/GitHub/Calculate/TestgGraphrez/bin/Debug/TestgGraphrez.DLL" adapterTypeName="Microsoft.VisualStudio.TestTools.TestTypes.Unit.UnitTestAdapter, Microsoft.VisualStudio.QualityTools.Tips.UnitTest.Adapter, Version=10.0.0.0, Culture=neutral, PublicKeyToken=b03f5f7f11d50a3a" className="TestgGraphrez.DivisionTest, TestgGraphrez, Version=1.0.0.0, Culture=neutral, PublicKeyToken=null" name="TestFloat" />
    </UnitTest>
    <UnitTest name="Testdooble" storage="c:\users\александр\documents\github\calculate\testggraphrez\bin\debug\testggraphrez.dll" id="8c874cdf-5c70-2c1b-54b3-d6e3235222b0">
      <Execution id="599e2e45-c9ad-46ce-ad84-e4b988aa6f37" />
      <TestMethod codeBase="C:/Users/Александр/Documents/GitHub/Calculate/TestgGraphrez/bin/Debug/TestgGraphrez.DLL" adapterTypeName="Microsoft.VisualStudio.TestTools.TestTypes.Unit.UnitTestAdapter, Microsoft.VisualStudio.QualityTools.Tips.UnitTest.Adapter, Version=10.0.0.0, Culture=neutral, PublicKeyToken=b03f5f7f11d50a3a" className="TestgGraphrez.ExpTest, TestgGraphrez, Version=1.0.0.0, Culture=neutral, PublicKeyToken=null" name="Testdooble" />
    </UnitTest>
    <UnitTest name="DoubleTest" storage="c:\users\александр\documents\github\calculate\testggraphrez\bin\debug\testggraphrez.dll" id="9b762fcf-dbcb-6bd7-966a-88357f11028f">
      <Execution id="bba490a1-d474-4f8b-99c6-cc0082d8ddaf" />
      <TestMethod codeBase="C:/Users/Александр/Documents/GitHub/Calculate/TestgGraphrez/bin/Debug/TestgGraphrez.DLL" adapterTypeName="Microsoft.VisualStudio.TestTools.TestTypes.Unit.UnitTestAdapter, Microsoft.VisualStudio.QualityTools.Tips.UnitTest.Adapter, Version=10.0.0.0, Culture=neutral, PublicKeyToken=b03f5f7f11d50a3a" className="TestgGraphrez.AsinTest, TestgGraphrez, Version=1.0.0.0, Culture=neutral, PublicKeyToken=null" name="DoubleTest" />
    </UnitTest>
  </TestDefinitions>
  <TestLists>
    <TestList name="Отсутствующие в списке результаты" id="8c84fa94-04c1-424b-9868-57a2d4851a1d" />
    <TestList name="Все загруженные результаты" id="19431567-8539-422a-85d7-44ee4e166bda" />
  </TestLists>
  <TestEntries>
    <TestEntry testId="04443e7f-f9b7-21a8-cf7e-0b125466d972" executionId="8994e5dd-774b-42f7-b030-be8c8fad1224" testListId="8c84fa94-04c1-424b-9868-57a2d4851a1d" />
    <TestEntry testId="09635c2f-01be-8110-88f1-540c063de1a7" executionId="9a0b0ae4-c1f0-47fb-ae7a-4dacfe6e0730" testListId="8c84fa94-04c1-424b-9868-57a2d4851a1d" />
    <TestEntry testId="0a28b335-9118-2e90-fc31-af7a9e18fd90" executionId="7196dd89-2593-4b75-8766-69d93b2fd0b5" testListId="8c84fa94-04c1-424b-9868-57a2d4851a1d" />
    <TestEntry testId="1e25855f-a24b-906b-3111-94da9146be20" executionId="4dedeba4-4874-4539-bb1d-d5b1a5d8de22" testListId="8c84fa94-04c1-424b-9868-57a2d4851a1d" />
    <TestEntry testId="20fd104c-c5d0-78c6-4469-6f5fac7f20d2" executionId="703b3a6f-44e8-4037-92d6-06c48e9466df" testListId="8c84fa94-04c1-424b-9868-57a2d4851a1d" />
    <TestEntry testId="2da0da56-edcd-1076-a340-0dc90ca1d00a" executionId="8835713a-1358-45aa-84e4-a9ac7e1688e0" testListId="8c84fa94-04c1-424b-9868-57a2d4851a1d" />
    <TestEntry testId="8354419e-6c45-5fcf-3878-1a1904429f7a" executionId="3a6b9a97-5de5-45c9-b778-6b892ba90f05" testListId="8c84fa94-04c1-424b-9868-57a2d4851a1d" />
    <TestEntry testId="84a07e41-a0fd-da03-d6de-5dc8bbf0a4a7" executionId="62f97d5d-4877-429e-b798-0496faf432a8" testListId="8c84fa94-04c1-424b-9868-57a2d4851a1d" />
    <TestEntry testId="8c874cdf-5c70-2c1b-54b3-d6e3235222b0" executionId="599e2e45-c9ad-46ce-ad84-e4b988aa6f37" testListId="8c84fa94-04c1-424b-9868-57a2d4851a1d" />
    <TestEntry testId="90a2db44-97d9-500b-573c-542932c97e50" executionId="422fc3e7-9774-4af5-8ab6-bdedeaf4cff4" testListId="8c84fa94-04c1-424b-9868-57a2d4851a1d" />
    <TestEntry testId="98ce690e-b2e5-8bf7-e2ee-6802bc700e1c" executionId="21587dd4-c901-44cd-99b1-4ead22c511e8" testListId="8c84fa94-04c1-424b-9868-57a2d4851a1d" />
    <TestEntry testId="9b762fcf-dbcb-6bd7-966a-88357f11028f" executionId="bba490a1-d474-4f8b-99c6-cc0082d8ddaf" testListId="8c84fa94-04c1-424b-9868-57a2d4851a1d" />
    <TestEntry testId="9ba4104d-6776-4fd7-c85b-0c0c2193a59a" executionId="22faedf7-e6da-42bd-ad0e-77d0754806f3" testListId="8c84fa94-04c1-424b-9868-57a2d4851a1d" />
    <TestEntry testId="9fdd6906-f56b-1058-a071-524a82b7a8ee" executionId="fecc6a3d-8fa6-4b0b-a6da-842fd852f57e" testListId="8c84fa94-04c1-424b-9868-57a2d4851a1d" />
    <TestEntry testId="a76ef35d-fdf0-f6cc-0e27-623b73fc6140" executionId="5fd350c6-5af5-483c-9855-ad1db41a31a4" testListId="8c84fa94-04c1-424b-9868-57a2d4851a1d" />
    <TestEntry testId="b5fd0e53-900f-4e15-b75b-4439a1c204fe" executionId="2c24c38d-6937-4351-aa53-5b608f387e8e" testListId="8c84fa94-04c1-424b-9868-57a2d4851a1d" />
    <TestEntry testId="bbe9b431-e740-0447-28f5-5e07af1a265f" executionId="132ecbf3-2871-48cc-8f10-42971ea68d1b" testListId="8c84fa94-04c1-424b-9868-57a2d4851a1d" />
    <TestEntry testId="d1237ce2-a25b-3127-4572-a28fb21bc84d" executionId="74b06d67-5cf0-4dc2-a093-ab717bc8b222" testListId="8c84fa94-04c1-424b-9868-57a2d4851a1d" />
    <TestEntry testId="e81f30b4-104f-eacc-f336-6fe40962c615" executionId="468f9700-2d47-4f8e-8ec4-0bb09b59cba1" testListId="8c84fa94-04c1-424b-9868-57a2d4851a1d" />
  </TestEntries>
  <Results>
    <UnitTestResult executionId="8994e5dd-774b-42f7-b030-be8c8fad1224" testId="04443e7f-f9b7-21a8-cf7e-0b125466d972" testName="TestInt" computerName="ALEXANDR" duration="00:00:00.0399438" startTime="2013-07-01T20:47:53.9018081+06:00" endTime="2013-07-01T20:47:54.2248266+06:00" testType="13cdc9d9-ddb5-4fa4-a97d-d965ccfc6d4b" outcome="Passed" testListId="8c84fa94-04c1-424b-9868-57a2d4851a1d" relativeResultsDirectory="8994e5dd-774b-42f7-b030-be8c8fad1224">
    </UnitTestResult>
    <UnitTestResult executionId="9a0b0ae4-c1f0-47fb-ae7a-4dacfe6e0730" testId="09635c2f-01be-8110-88f1-540c063de1a7" testName="TestInt" computerName="ALEXANDR" duration="00:00:00.0007200" startTime="2013-07-01T20:47:54.2338271+06:00" endTime="2013-07-01T20:47:54.2418276+06:00" testType="13cdc9d9-ddb5-4fa4-a97d-d965ccfc6d4b" outcome="Passed" testListId="8c84fa94-04c1-424b-9868-57a2d4851a1d" relativeResultsDirectory="9a0b0ae4-c1f0-47fb-ae7a-4dacfe6e0730">
    </UnitTestResult>
    <UnitTestResult executionId="7196dd89-2593-4b75-8766-69d93b2fd0b5" testId="0a28b335-9118-2e90-fc31-af7a9e18fd90" testName="TestInt" computerName="ALEXANDR" duration="00:00:00.0049396" startTime="2013-07-01T20:47:54.2468279+06:00" endTime="2013-07-01T20:47:54.2638288+06:00" testType="13cdc9d9-ddb5-4fa4-a97d-d965ccfc6d4b" outcome="Passed" testListId="8c84fa94-04c1-424b-9868-57a2d4851a1d" relativeResultsDirectory="7196dd89-2593-4b75-8766-69d93b2fd0b5">
    </UnitTestResult>
    <UnitTestResult executionId="4dedeba4-4874-4539-bb1d-d5b1a5d8de22" testId="1e25855f-a24b-906b-3111-94da9146be20" testName="DoubleTest" computerName="ALEXANDR" duration="00:00:00.0006553" startTime="2013-07-01T20:47:54.2688291+06:00" endTime="2013-07-01T20:47:54.2758295+06:00" testType="13cdc9d9-ddb5-4fa4-a97d-d965ccfc6d4b" outcome="Passed" testListId="8c84fa94-04c1-424b-9868-57a2d4851a1d" relativeResultsDirectory="4dedeba4-4874-4539-bb1d-d5b1a5d8de22">
    </UnitTestResult>
    <UnitTestResult executionId="703b3a6f-44e8-4037-92d6-06c48e9466df" testId="20fd104c-c5d0-78c6-4469-6f5fac7f20d2" testName="TestInt" computerName="ALEXANDR" duration="00:00:00.0043746" startTime="2013-07-01T20:47:54.2818299+06:00" endTime="2013-07-01T20:47:54.2998309+06:00" testType="13cdc9d9-ddb5-4fa4-a97d-d965ccfc6d4b" outcome="Passed" testListId="8c84fa94-04c1-424b-9868-57a2d4851a1d" relativeResultsDirectory="703b3a6f-44e8-4037-92d6-06c48e9466df">
    </UnitTestResult>
    <UnitTestResult executionId="8835713a-1358-45aa-84e4-a9ac7e1688e0" testId="2da0da56-edcd-1076-a340-0dc90ca1d00a" testName="TestFloat" computerName="ALEXANDR" duration="00:00:00.0002722" startTime="2013-07-01T20:47:54.3128316+06:00" endTime="2013-07-01T20:47:54.3418333+06:00" testType="13cdc9d9-ddb5-4fa4-a97d-d965ccfc6d4b" outcome="Passed" testListId="8c84fa94-04c1-424b-9868-57a2d4851a1d" relativeResultsDirectory="8835713a-1358-45aa-84e4-a9ac7e1688e0">
    </UnitTestResult>
    <UnitTestResult executionId="3a6b9a97-5de5-45c9-b778-6b892ba90f05" testId="8354419e-6c45-5fcf-3878-1a1904429f7a" testName="TestInt" computerName="ALEXANDR" duration="00:00:00.0005641" startTime="2013-07-01T20:47:54.3458335+06:00" endTime="2013-07-01T20:47:54.3548340+06:00" testType="13cdc9d9-ddb5-4fa4-a97d-d965ccfc6d4b" outcome="Passed" testListId="8c84fa94-04c1-424b-9868-57a2d4851a1d" relativeResultsDirectory="3a6b9a97-5de5-45c9-b778-6b892ba90f05">
    </UnitTestResult>
    <UnitTestResult executionId="62f97d5d-4877-429e-b798-0496faf432a8" testId="84a07e41-a0fd-da03-d6de-5dc8bbf0a4a7" testName="TestInt" computerName="ALEXANDR" duration="00:00:00.0005599" startTime="2013-07-01T20:47:54.3638345+06:00" endTime="2013-07-01T20:47:54.3718350+06:00" testType="13cdc9d9-ddb5-4fa4-a97d-d965ccfc6d4b" outcome="Passed" testListId="8c84fa94-04c1-424b-9868-57a2d4851a1d" relativeResultsDirectory="62f97d5d-4877-429e-b798-0496faf432a8">
    </UnitTestResult>
    <UnitTestResult executionId="599e2e45-c9ad-46ce-ad84-e4b988aa6f37" testId="8c874cdf-5c70-2c1b-54b3-d6e3235222b0" testName="Testdooble" computerName="ALEXANDR" duration="00:00:00.0005520" startTime="2013-07-01T20:47:54.3778353+06:00" endTime="2013-07-01T20:47:54.3908361+06:00" testType="13cdc9d9-ddb5-4fa4-a97d-d965ccfc6d4b" outcome="Passed" testListId="8c84fa94-04c1-424b-9868-57a2d4851a1d" relativeResultsDirectory="599e2e45-c9ad-46ce-ad84-e4b988aa6f37">
    </UnitTestResult>
    <UnitTestResult executionId="422fc3e7-9774-4af5-8ab6-bdedeaf4cff4" testId="90a2db44-97d9-500b-573c-542932c97e50" testName="DoubleTest" computerName="ALEXANDR" duration="00:00:00.0006404" startTime="2013-07-01T20:47:54.3958364+06:00" endTime="2013-07-01T20:47:54.4038368+06:00" testType="13cdc9d9-ddb5-4fa4-a97d-d965ccfc6d4b" outcome="Passed" testListId="8c84fa94-04c1-424b-9868-57a2d4851a1d" relativeResultsDirectory="422fc3e7-9774-4af5-8ab6-bdedeaf4cff4">
    </UnitTestResult>
    <UnitTestResult executionId="21587dd4-c901-44cd-99b1-4ead22c511e8" testId="98ce690e-b2e5-8bf7-e2ee-6802bc700e1c" testName="DoubleTest" computerName="ALEXANDR" duration="00:00:00.0015997" startTime="2013-07-01T20:47:54.4078371+06:00" endTime="2013-07-01T20:47:54.4168376+06:00" testType="13cdc9d9-ddb5-4fa4-a97d-d965ccfc6d4b" outcome="Passed" testListId="8c84fa94-04c1-424b-9868-57a2d4851a1d" relativeResultsDirectory="21587dd4-c901-44cd-99b1-4ead22c511e8">
    </UnitTestResult>
    <UnitTestResult executionId="bba490a1-d474-4f8b-99c6-cc0082d8ddaf" testId="9b762fcf-dbcb-6bd7-966a-88357f11028f" testName="DoubleTest" computerName="ALEXANDR" duration="00:00:00.0006571" startTime="2013-07-01T20:47:54.4218379+06:00" endTime="2013-07-01T20:47:54.4348386+06:00" testType="13cdc9d9-ddb5-4fa4-a97d-d965ccfc6d4b" outcome="Passed" testListId="8c84fa94-04c1-424b-9868-57a2d4851a1d" relativeResultsDirectory="bba490a1-d474-4f8b-99c6-cc0082d8ddaf">
    </UnitTestResult>
    <UnitTestResult executionId="22faedf7-e6da-42bd-ad0e-77d0754806f3" testId="9ba4104d-6776-4fd7-c85b-0c0c2193a59a" testName="TestInt" computerName="ALEXANDR" duration="00:00:00.0007451" startTime="2013-07-01T20:47:54.4388388+06:00" endTime="2013-07-01T20:47:54.4468393+06:00" testType="13cdc9d9-ddb5-4fa4-a97d-d965ccfc6d4b" outcome="Passed" testListId="8c84fa94-04c1-424b-9868-57a2d4851a1d" relativeResultsDirectory="22faedf7-e6da-42bd-ad0e-77d0754806f3">
    </UnitTestResult>
    <UnitTestResult executionId="fecc6a3d-8fa6-4b0b-a6da-842fd852f57e" testId="9fdd6906-f56b-1058-a071-524a82b7a8ee" testName="DoubleTest" computerName="ALEXANDR" duration="00:00:00.0048647" startTime="2013-07-01T20:47:54.4518396+06:00" endTime="2013-07-01T20:47:54.4628402+06:00" testType="13cdc9d9-ddb5-4fa4-a97d-d965ccfc6d4b" outcome="Passed" testListId="8c84fa94-04c1-424b-9868-57a2d4851a1d" relativeResultsDirectory="fecc6a3d-8fa6-4b0b-a6da-842fd852f57e">
    </UnitTestResult>
    <UnitTestResult executionId="5fd350c6-5af5-483c-9855-ad1db41a31a4" testId="a76ef35d-fdf0-f6cc-0e27-623b73fc6140" testName="TestDouble" computerName="ALEXANDR" duration="00:00:00.0002680" startTime="2013-07-01T20:47:54.4718407+06:00" endTime="2013-07-01T20:47:54.4798412+06:00" testType="13cdc9d9-ddb5-4fa4-a97d-d965ccfc6d4b" outcome="Passed" testListId="8c84fa94-04c1-424b-9868-57a2d4851a1d" relativeResultsDirectory="5fd350c6-5af5-483c-9855-ad1db41a31a4">
    </UnitTestResult>
    <UnitTestResult executionId="2c24c38d-6937-4351-aa53-5b608f387e8e" testId="b5fd0e53-900f-4e15-b75b-4439a1c204fe" testName="TestInt" computerName="ALEXANDR" duration="00:00:00.0064272" startTime="2013-07-01T20:47:54.4858415+06:00" endTime="2013-07-01T20:47:54.5078428+06:00" testType="13cdc9d9-ddb5-4fa4-a97d-d965ccfc6d4b" outcome="Passed" testListId="8c84fa94-04c1-424b-9868-57a2d4851a1d" relativeResultsDirectory="2c24c38d-6937-4351-aa53-5b608f387e8e">
    </UnitTestResult>
    <UnitTestResult executionId="132ecbf3-2871-48cc-8f10-42971ea68d1b" testId="bbe9b431-e740-0447-28f5-5e07af1a265f" testName="TestDooble" computerName="ALEXANDR" duration="00:00:00.0002629" startTime="2013-07-01T20:47:54.5128431+06:00" endTime="2013-07-01T20:47:54.5208435+06:00" testType="13cdc9d9-ddb5-4fa4-a97d-d965ccfc6d4b" outcome="Passed" testListId="8c84fa94-04c1-424b-9868-57a2d4851a1d" relativeResultsDirectory="132ecbf3-2871-48cc-8f10-42971ea68d1b">
    </UnitTestResult>
    <UnitTestResult executionId="74b06d67-5cf0-4dc2-a093-ab717bc8b222" testId="d1237ce2-a25b-3127-4572-a28fb21bc84d" testName="DoubleTestTest" computerName="ALEXANDR" duration="00:00:00.0018021" startTime="2013-07-01T20:47:54.5288440+06:00" endTime="2013-07-01T20:47:54.5398446+06:00" testType="13cdc9d9-ddb5-4fa4-a97d-d965ccfc6d4b" outcome="Passed" testListId="8c84fa94-04c1-424b-9868-57a2d4851a1d" relativeResultsDirectory="74b06d67-5cf0-4dc2-a093-ab717bc8b222">
    </UnitTestResult>
    <UnitTestResult executionId="468f9700-2d47-4f8e-8ec4-0bb09b59cba1" testId="e81f30b4-104f-eacc-f336-6fe40962c615" testName="TestDouble" computerName="ALEXANDR" duration="00:00:00.0005734" startTime="2013-07-01T20:47:54.5448449+06:00" endTime="2013-07-01T20:47:54.5538454+06:00" testType="13cdc9d9-ddb5-4fa4-a97d-d965ccfc6d4b" outcome="Passed" testListId="8c84fa94-04c1-424b-9868-57a2d4851a1d" relativeResultsDirectory="468f9700-2d47-4f8e-8ec4-0bb09b59cba1">
    </UnitTestResult>
  </Results>
</TestRun>